Component: ARM Compiler 5.06 update 5 (build 528) Tool: armlink [4d35e2]

==============================================================================

Section Cross References

    main.o(i.main) refers to board.o(i.board_lowlevel_init) for board_lowlevel_init
    main.o(i.main) refers to led.o(i.led_init) for led_init
    main.o(i.main) refers to rtc.o(i.rtc_init) for rtc_init
    main.o(i.main) refers to timer.o(i.timer_init) for timer_init
    main.o(i.main) refers to timer.o(i.timer_elapsed_register) for timer_elapsed_register
    main.o(i.main) refers to timer.o(i.timer_start) for timer_start
    main.o(i.main) refers to mpu6050.o(i.mpu6050_init) for mpu6050_init
    main.o(i.main) refers to st7735.o(i.st7735_init) for st7735_init
    main.o(i.main) refers to st7735.o(i.st7735_fill_screen) for st7735_fill_screen
    main.o(i.main) refers to st7735.o(i.st7735_write_string) for st7735_write_string
    main.o(i.main) refers to delay.o(i.delay_ms) for delay_ms
    main.o(i.main) refers to main.o(i.wifi_init) for wifi_init
    main.o(i.main) refers to rtc.o(i.rtc_get_date) for rtc_get_date
    main.o(i.main) refers to printfa.o(i.__0snprintf) for __2snprintf
    main.o(i.main) refers to esp_at.o(i.esp_at_get_time) for esp_at_get_time
    main.o(i.main) refers to rtc.o(i.rtc_set_timestamp) for rtc_set_timestamp
    main.o(i.main) refers to esp_at.o(i.esp_at_get_http) for esp_at_get_http
    main.o(i.main) refers to weather.o(i.weather_parse) for weather_parse
    main.o(i.main) refers to strcmp.o(.text) for strcmp
    main.o(i.main) refers to st7735.o(i.st7735_draw_image) for st7735_draw_image
    main.o(i.main) refers to mpu6050.o(i.mpu6050_read_temper) for mpu6050_read_temper
    main.o(i.main) refers to f2d.o(.text) for __aeabi_f2d
    main.o(i.main) refers to main.o(i.timer_elapsed_callback) for timer_elapsed_callback
    main.o(i.main) refers to stfonts.o(.data) for font_ascii_8x16
    main.o(i.main) refers to main.o(.data) for disp_height
    main.o(i.main) refers to font_time_48.o(.data) for font_time_24x48
    main.o(i.main) refers to icon_weather_duoyun.o(.constdata) for icon_weather_duoyun
    main.o(i.main) refers to icon_weather_feng.o(.constdata) for icon_weather_feng
    main.o(i.main) refers to icon_weather_qing.o(.constdata) for icon_weather_qing
    main.o(i.main) refers to icon_weather_xue.o(.constdata) for icon_weather_xue
    main.o(i.main) refers to icon_weather_yin.o(.constdata) for icon_weather_yin
    main.o(i.main) refers to icon_weather_yu.o(.constdata) for icon_weather_yu
    main.o(i.main) refers to font_temper_32.o(.data) for font_temper_16x32
    main.o(i.timer_elapsed_callback) refers to main.o(.data) for runms
    main.o(i.wifi_init) refers to st7735.o(i.st7735_write_string) for st7735_write_string
    main.o(i.wifi_init) refers to esp_at.o(i.esp_at_init) for esp_at_init
    main.o(i.wifi_init) refers to esp_at.o(i.esp_at_wifi_init) for esp_at_wifi_init
    main.o(i.wifi_init) refers to esp_at.o(i.esp_at_wifi_connect) for esp_at_wifi_connect
    main.o(i.wifi_init) refers to esp_at.o(i.esp_at_sntp_init) for esp_at_sntp_init
    main.o(i.wifi_init) refers to main.o(.data) for disp_height
    main.o(i.wifi_init) refers to stfonts.o(.data) for font_ascii_8x16
    main.o(.data) refers to main.o(.conststring) for .conststring
    board.o(i.board_lowlevel_init) refers to stm32f10x_rcc.o(i.RCC_APB2PeriphClockCmd) for RCC_APB2PeriphClockCmd
    board.o(i.board_lowlevel_init) refers to stm32f10x_rcc.o(i.RCC_APB1PeriphClockCmd) for RCC_APB1PeriphClockCmd
    board.o(i.board_lowlevel_init) refers to stm32f10x_rcc.o(i.RCC_AHBPeriphClockCmd) for RCC_AHBPeriphClockCmd
    board.o(i.board_lowlevel_init) refers to stm32f10x_pwr.o(i.PWR_BackupAccessCmd) for PWR_BackupAccessCmd
    board.o(i.board_lowlevel_init) refers to stm32f10x_bkp.o(i.BKP_DeInit) for BKP_DeInit
    board.o(i.board_lowlevel_init) refers to stm32f10x_rcc.o(i.RCC_LSEConfig) for RCC_LSEConfig
    board.o(i.board_lowlevel_init) refers to stm32f10x_rcc.o(i.RCC_GetFlagStatus) for RCC_GetFlagStatus
    delay.o(i.delay_ms) refers to delay.o(i.delay_us) for delay_us
    delay.o(i.delay_us) refers to system_stm32f10x.o(.data) for SystemCoreClock
    weather.o(i.weather_parse) refers to strstr.o(.text) for strstr
    weather.o(i.weather_parse) refers to strchr.o(.text) for strchr
    weather.o(i.weather_parse) refers to strncpy.o(.text) for strncpy
    font_temper_32.o(.data) refers to font_temper_32.o(.constdata) for font_temper_16x32_data
    font_time_48.o(.data) refers to font_time_48.o(.constdata) for font_time_24x48_data
    led.o(i.led_init) refers to stm32f10x_gpio.o(i.GPIO_Init) for GPIO_Init
    led.o(i.led_init) refers to stm32f10x_gpio.o(i.GPIO_SetBits) for GPIO_SetBits
    led.o(i.led_off) refers to led.o(i.led_set) for led_set
    led.o(i.led_on) refers to led.o(i.led_set) for led_set
    led.o(i.led_set) refers to stm32f10x_gpio.o(i.GPIO_WriteBit) for GPIO_WriteBit
[...]
    ../clib/microlib/ctype/ctype.c           0x00000000   Number         0  ispunct_o.o ABSOLUTE
    ../clib/microlib/ctype/ctype.c           0x00000000   Number         0  isprint_o.o ABSOLUTE
    ../clib/microlib/ctype/ctype.c           0x00000000   Number         0  islower_o.o ABSOLUTE
    ../clib/microlib/ctype/ctype.c           0x00000000   Number         0  isgraph_o.o ABSOLUTE
    ../clib/microlib/ctype/ctype.c           0x00000000   Number         0  isdigit_o.o ABSOLUTE
    ../clib/microlib/ctype/ctype.c           0x00000000   Number         0  iscntrl_o.o ABSOLUTE
    ../clib/microlib/ctype/ctype.c           0x00000000   Number         0  isblank_o.o ABSOLUTE
    ../clib/microlib/ctype/ctype.c           0x00000000   Number         0  isalpha_o.o ABSOLUTE
    ../clib/microlib/ctype/ctype.c           0x00000000   Number         0  isalnum_o.o ABSOLUTE
    ../clib/microlib/ctype/ctype.c           0x00000000   Number         0  ctype_o.o ABSOLUTE
    ../clib/microlib/ctype/ctype.c           0x00000000   Number         0  isxdigit_o.o ABSOLUTE
    ../clib/microlib/division.c              0x00000000   Number         0  uldiv.o ABSOLUTE
    ../clib/microlib/division.c              0x00000000   Number         0  uidiv.o ABSOLUTE
    ../clib/microlib/errno.c                 0x00000000   Number         0  errno.o ABSOLUTE
    ../clib/microlib/init/entry.s            0x00000000   Number         0  entry2.o ABSOLUTE
    ../clib/microlib/init/entry.s            0x00000000   Number         0  entry5.o ABSOLUTE
    ../clib/microlib/init/entry.s            0x00000000   Number         0  entry7a.o ABSOLUTE
    ../clib/microlib/init/entry.s            0x00000000   Number         0  entry7b.o ABSOLUTE
    ../clib/microlib/init/entry.s            0x00000000   Number         0  entry8a.o ABSOLUTE
    ../clib/microlib/init/entry.s            0x00000000   Number         0  entry8b.o ABSOLUTE
    ../clib/microlib/init/entry.s            0x00000000   Number         0  entry9a.o ABSOLUTE
    ../clib/microlib/init/entry.s            0x00000000   Number         0  entry9b.o ABSOLUTE
    ../clib/microlib/init/entry.s            0x00000000   Number         0  entry.o ABSOLUTE
    ../clib/microlib/init/entry.s            0x00000000   Number         0  entry10a.o ABSOLUTE
    ../clib/microlib/init/entry.s            0x00000000   Number         0  entry10b.o ABSOLUTE
    ../clib/microlib/init/entry.s            0x00000000   Number         0  entry11a.o ABSOLUTE
    ../clib/microlib/init/entry.s            0x00000000   Number         0  entry11b.o ABSOLUTE
    ../clib/microlib/longlong.c              0x00000000   Number         0  llsshr.o ABSOLUTE
    ../clib/microlib/longlong.c              0x00000000   Number         0  llshl.o ABSOLUTE
    ../clib/microlib/longlong.c              0x00000000   Number         0  llushr.o ABSOLUTE
    ../clib/microlib/printf/printf.c         0x00000000   Number         0  printf7.o ABSOLUTE
    ../clib/microlib/printf/printf.c         0x00000000   Number         0  printf6.o ABSOLUTE
    ../clib/microlib/printf/printf.c         0x00000000   Number         0  printf5.o ABSOLUTE
    ../clib/microlib/printf/printf.c         0x00000000   Number         0  printf4.o ABSOLUTE
    ../clib/microlib/printf/printf.c         0x00000000   Number         0  printf3.o ABSOLUTE
    ../clib/microlib/printf/printf.c         0x00000000   Number         0  printf2.o ABSOLUTE
    ../clib/microlib/printf/printf.c         0x00000000   Number         0  printf1.o ABSOLUTE
    ../clib/microlib/printf/printf.c         0x00000000   Number         0  printf0.o ABSOLUTE
    ../clib/microlib/printf/printf.c         0x00000000   Number         0  printfb.o ABSOLUTE
    ../clib/microlib/printf/printf.c         0x00000000   Number         0  printfa.o ABSOLUTE
    ../clib/microlib/printf/printf.c         0x00000000   Number         0  printf8.o ABSOLUTE
    ../clib/microlib/printf/stubs.s          0x00000000   Number         0  stubs.o ABSOLUTE
    ../clib/microlib/stdio/fputc.c           0x00000000   Number         0  fputc.o ABSOLUTE
    ../clib/microlib/stdio/semi.s            0x00000000   Number         0  semi.o ABSOLUTE
    ../clib/microlib/stdio/streams.c         0x00000000   Number         0  stdout.o ABSOLUTE
    ../clib/microlib/string/memcpy.c         0x00000000   Number         0  memcpyb.o ABSOLUTE
    ../clib/microlib/string/memcpy.c         0x00000000   Number         0  memcpya.o ABSOLUTE
    ../clib/microlib/string/strchr.c         0x00000000   Number         0  strchr.o ABSOLUTE
    ../clib/microlib/string/strcmp.c         0x00000000   Number         0  strcmp.o ABSOLUTE
    ../clib/microlib/string/strlen.c         0x00000000   Number         0  strlen.o ABSOLUTE
    ../clib/microlib/string/strncpy.c        0x00000000   Number         0  strncpy.o ABSOLUTE
    ../clib/microlib/string/strstr.c         0x00000000   Number         0  strstr.o ABSOLUTE
    ../clib/microlib/stubs.s                 0x00000000   Number         0  iusefp.o ABSOLUTE
    ../clib/microlib/stubs.s                 0x00000000   Number         0  iusesemip.o ABSOLUTE
    ../clib/scanf.c                          0x00000000   Number         0  _strtoul.o ABSOLUTE
    ../clib/scanf.c                          0x00000000   Number         0  atoi.o ABSOLUTE
    ../clib/scanf.c                          0x00000000   Number         0  strtol.o ABSOLUTE
    ../clib/scanf.c                          0x00000000   Number         0  _chval.o ABSOLUTE
    ../fplib/microlib/f2d.c                  0x00000000   Number         0  f2d.o ABSOLUTE
    ../fplib/microlib/fpadd.c                0x00000000   Number         0  dadd.o ABSOLUTE
    ../fplib/microlib/fpadd.c                0x00000000   Number         0  fadd.o ABSOLUTE
    ../fplib/microlib/fpdiv.c                0x00000000   Number         0  ddiv.o ABSOLUTE
    ../fplib/microlib/fpdiv.c                0x00000000   Number         0  fdiv.o ABSOLUTE
    ../fplib/microlib/fpepilogue.c           0x00000000   Number         0  fepilogue.o ABSOLUTE
    ../fplib/microlib/fpepilogue.c           0x00000000   Number         0  depilogue.o ABSOLUTE
    ../fplib/microlib/fpfix.c                0x00000000   Number         0  dfixul.o ABSOLUTE
    ../fplib/microlib/fpflt.c                0x00000000   Number         0  fflti.o ABSOLUTE
    ../fplib/microlib/fpmul.c                0x00000000   Number         0  dmul.o ABSOLUTE
    ..\\firmware\\cmsis\\core\\core_cm3.c    0x00000000   Number         0  core_cm3.o ABSOLUTE
    ..\app\board.c                           0x00000000   Number         0  board.o ABSOLUTE
    ..\app\delay.c                           0x00000000   Number         0  delay.o ABSOLUTE
    ..\app\font_temper_32.c                  0x00000000   Number         0  font_temper_32.o ABSOLUTE
    ..\app\font_time_48.c                    0x00000000   Number         0  font_time_48.o ABSOLUTE
    ..\app\icon\icon_weather_duoyun.c        0x00000000   Number         0  icon_weather_duoyun.o ABSOLUTE
    ..\app\icon\icon_weather_feng.c          0x00000000   Number         0  icon_weather_feng.o ABSOLUTE
    ..\app\icon\icon_weather_qing.c          0x00000000   Number         0  icon_weather_qing.o ABSOLUTE
    ..\app\icon\icon_weather_xue.c           0x00000000   Number         0  icon_weather_xue.o ABSOLUTE
    ..\app\icon\icon_weather_yin.c           0x00000000   Number         0  icon_weather_yin.o ABSOLUTE
    ..\app\icon\icon_weather_yu.c            0x00000000   Number         0  icon_weather_yu.o ABSOLUTE
    ..\app\main.c                            0x00000000   Number         0  main.o ABSOLUTE
    ..\app\weather.c                         0x00000000   Number         0  weather.o ABSOLUTE
    ..\driver\esp-at\esp_at.c                0x00000000   Number         0  esp_at.o ABSOLUTE
    ..\driver\esp-at\esp_usart.c             0x00000000   Number         0  esp_usart.o ABSOLUTE
    ..\driver\led.c                          0x00000000   Number         0  led.o ABSOLUTE
    ..\driver\mpu6050\mpu6050.c              0x00000000   Number         0  mpu6050.o ABSOLUTE
    ..\driver\mpu6050\swi2c.c                0x00000000   Number         0  swi2c.o ABSOLUTE
    ..\driver\rtc.c                          0x00000000   Number         0  rtc.o ABSOLUTE
    ..\driver\st7735\lcd_spi.c               0x00000000   Number         0  lcd_spi.o ABSOLUTE
    ..\driver\st7735\st7735.c                0x00000000   Number         0  st7735.o ABSOLUTE
    ..\driver\st7735\stfonts.c               0x00000000   Number         0  stfonts.o ABSOLUTE
    ..\driver\timer.c                        0x00000000   Number         0  timer.o ABSOLUTE
    ..\firmware\cmsis\core\core_cm3.c        0x00000000   Number         0  core_cm3.o ABSOLUTE
    ..\firmware\cmsis\device\startup_stm32f10x_md.s 0x00000000   Number         0  startup_stm32f10x_md.o ABSOLUTE
    ..\firmware\cmsis\device\system_stm32f10x.c 0x00000000   Number         0  system_stm32f10x.o ABSOLUTE
    ..\firmware\driver\src\misc.c            0x00000000   Number         0  misc.o ABSOLUTE
    ..\firmware\driver\src\stm32f10x_adc.c   0x00000000   Number         0  stm32f10x_adc.o ABSOLUTE
    ..\firmware\driver\src\stm32f10x_bkp.c   0x00000000   Number         0  stm32f10x_bkp.o ABSOLUTE
    ..\firmware\driver\src\stm32f10x_can.c   0x00000000   Number         0  stm32f10x_can.o ABSOLUTE
    ..\firmware\driver\src\stm32f10x_cec.c   0x00000000   Number         0  stm32f10x_cec.o ABSOLUTE
    ..\firmware\driver\src\stm32f10x_crc.c   0x00000000   Number         0  stm32f10x_crc.o ABSOLUTE
    ..\firmware\driver\src\stm32f10x_dac.c   0x00000000   Number         0  stm32f10x_dac.o ABSOLUTE
    ..\firmware\driver\src\stm32f10x_dbgmcu.c 0x00000000   Number         0  stm32f10x_dbgmcu.o ABSOLUTE
    ..\firmware\driver\src\stm32f10x_dma.c   0x00000000   Number         0  stm32f10x_dma.o ABSOLUTE
    ..\firmware\driver\src\stm32f10x_exti.c  0x00000000   Number         0  stm32f10x_exti.o ABSOLUTE
    ..\firmware\driver\src\stm32f10x_flash.c 0x00000000   Number         0  stm32f10x_flash.o ABSOLUTE
    ..\firmware\driver\src\stm32f10x_fsmc.c  0x00000000   Number         0  stm32f10x_fsmc.o ABSOLUTE
    ..\firmware\driver\src\stm32f10x_gpio.c  0x00000000   Number         0  stm32f10x_gpio.o ABSOLUTE
    ..\firmware\driver\src\stm32f10x_i2c.c   0x00000000   Number         0  stm32f10x_i2c.o ABSOLUTE
    ..\firmware\driver\src\stm32f10x_iwdg.c  0x00000000   Number         0  stm32f10x_iwdg.o ABSOLUTE
    ..\firmware\driver\src\stm32f10x_pwr.c   0x00000000   Number         0  stm32f10x_pwr.o ABSOLUTE
    ..\firmware\driver\src\stm32f10x_rcc.c   0x00000000   Number         0  stm32f10x_rcc.o ABSOLUTE
    ..\firmware\driver\src\stm32f10x_rtc.c   0x00000000   Number         0  stm32f10x_rtc.o ABSOLUTE
    ..\firmware\driver\src\stm32f10x_sdio.c  0x00000000   Number         0  stm32f10x_sdio.o ABSOLUTE
    ..\firmware\driver\src\stm32f10x_spi.c   0x00000000   Number         0  stm32f10x_spi.o ABSOLUTE
    ..\firmware\driver\src\stm32f10x_tim.c   0x00000000   Number         0  stm32f10x_tim.o ABSOLUTE
    ..\firmware\driver\src\stm32f10x_usart.c 0x00000000   Number         0  stm32f10x_usart.o ABSOLUTE
    ..\firmware\driver\src\stm32f10x_wwdg.c  0x00000000   Number         0  stm32f10x_wwdg.o ABSOLUTE
    cdrcmple.s                               0x00000000   Number         0  cdrcmple.o ABSOLUTE
    dc.s                                     0x00000000   Number         0  dc.o ABSOLUTE
    handlers.s                               0x00000000   Number         0  handlers.o ABSOLUTE
    init.s                                   0x00000000   Number         0  init.o ABSOLUTE
    RESET                                    0x08000000   Section      236  startup_stm32f10x_md.o(RESET)
    .ARM.Collect$$$$00000000                 0x080000ec   Section        0  entry.o(.ARM.Collect$$$$00000000)
    .ARM.Collect$$$$00000001                 0x080000ec   Section        4  entry2.o(.ARM.Collect$$$$00000001)
    .ARM.Collect$$$$00000004                 0x080000f0   Section        4  entry5.o(.ARM.Collect$$$$00000004)
    .ARM.Collect$$$$00000008                 0x080000f4   Section        0  entry7b.o(.ARM.Collect$$$$00000008)
    .ARM.Collect$$$$0000000A                 0x080000f4   Section        0  entry8b.o(.ARM.Collect$$$$0000000A)
    .ARM.Collect$$$$0000000B                 0x080000f4   Section        8  entry9a.o(.ARM.Collect$$$$0000000B)
    .ARM.Collect$$$$0000000D                 0x080000fc   Section        0  entry10a.o(.ARM.Collect$$$$0000000D)
    .ARM.Collect$$$$0000000F                 0x080000fc   Section        0  entry11a.o(.ARM.Collect$$$$0000000F)
    .ARM.Collect$$$$00002712                 0x080000fc   Section        4  entry2.o(.ARM.Collect$$$$00002712)
    __lit__00000000                          0x080000fc   Data           4  entry2.o(.ARM.Collect$$$$00002712)
    .text                                    0x08000100   Section       36  startup_stm32f10x_md.o(.text)
    .text                                    0x08000124   Section        0  memcpya.o(.text)
    .text                                    0x08000148   Section        0  strstr.o(.text)
    .text                                    0x0800016c   Section        0  strncpy.o(.text)
    .text                                    0x08000184   Section        0  strchr.o(.text)
    .text                                    0x08000198   Section        0  strlen.o(.text)
    .text                                    0x080001a6   Section        0  strcmp.o(.text)
    .text                                    0x080001c2   Section        0  atoi.o(.text)
    .text                                    0x080001dc   Section        0  fadd.o(.text)
    .text                                    0x0800028c   Section        0  fdiv.o(.text)
    .text                                    0x08000308   Section        0  fflti.o(.text)
    .text                                    0x0800031a   Section        0  f2d.o(.text)
    .text                                    0x08000340   Section        0  uidiv.o(.text)
    .text                                    0x0800036c   Section        0  uldiv.o(.text)
    .text                                    0x080003ce   Section        0  strtol.o(.text)
    .text                                    0x0800043e   Section        0  iusefp.o(.text)
    .text                                    0x0800043e   Section        0  fepilogue.o(.text)
    .text                                    0x080004ac   Section        0  dadd.o(.text)
    .text                                    0x080005fa   Section        0  dmul.o(.text)
    .text                                    0x080006de   Section        0  ddiv.o(.text)
    .text                                    0x080007bc   Section        0  dfixul.o(.text)
    .text                                    0x080007ec   Section       48  cdrcmple.o(.text)
    .text                                    0x0800081c   Section       36  init.o(.text)
    .text                                    0x08000840   Section        0  llshl.o(.text)
    .text                                    0x0800085e   Section        0  llushr.o(.text)
    .text                                    0x0800087e   Section        0  llsshr.o(.text)
    .text                                    0x080008a4   Section        0  ctype_o.o(.text)
    .text                                    0x080008ac   Section        0  _strtoul.o(.text)
    .text                                    0x0800094a   Section        0  depilogue.o(.text)
    .text                                    0x08000a04   Section        0  _chval.o(.text)
    i.BKP_DeInit                             0x08000a20   Section        0  stm32f10x_bkp.o(i.BKP_DeInit)
    i.DMA1_Channel3_IRQHandler               0x08000a30   Section        0  lcd_spi.o(i.DMA1_Channel3_IRQHandler)
    i.DMA_ClearITPendingBit                  0x08000a6c   Section        0  stm32f10x_dma.o(i.DMA_ClearITPendingBit)
    i.DMA_Cmd                                0x08000a88   Section        0  stm32f10x_dma.o(i.DMA_Cmd)
    i.DMA_DeInit                             0x08000aa0   Section        0  stm32f10x_dma.o(i.DMA_DeInit)
    i.DMA_GetITStatus                        0x08000bec   Section        0  stm32f10x_dma.o(i.DMA_GetITStatus)
    i.DMA_ITConfig                           0x08000c18   Section        0  stm32f10x_dma.o(i.DMA_ITConfig)
    i.DMA_Init                               0x08000c2a   Section        0  stm32f10x_dma.o(i.DMA_Init)
    i.GPIO_Init                              0x08000c66   Section        0  stm32f10x_gpio.o(i.GPIO_Init)
    i.GPIO_ReadInputDataBit                  0x08000d7c   Section        0  stm32f10x_gpio.o(i.GPIO_ReadInputDataBit)
    i.GPIO_ResetBits                         0x08000d8e   Section        0  stm32f10x_gpio.o(i.GPIO_ResetBits)
    i.GPIO_SetBits                           0x08000d92   Section        0  stm32f10x_gpio.o(i.GPIO_SetBits)
    i.GPIO_WriteBit                          0x08000d96   Section        0  stm32f10x_gpio.o(i.GPIO_WriteBit)
    i.NVIC_Init                              0x08000da0   Section        0  misc.o(i.NVIC_Init)
    i.PWR_BackupAccessCmd                    0x08000e10   Section        0  stm32f10x_pwr.o(i.PWR_BackupAccessCmd)
    i.RCC_AHBPeriphClockCmd                  0x08000e1c   Section        0  stm32f10x_rcc.o(i.RCC_AHBPeriphClockCmd)
    i.RCC_APB1PeriphClockCmd                 0x08000e3c   Section        0  stm32f10x_rcc.o(i.RCC_APB1PeriphClockCmd)
    i.RCC_APB2PeriphClockCmd                 0x08000e5c   Section        0  stm32f10x_rcc.o(i.RCC_APB2PeriphClockCmd)
    i.RCC_BackupResetCmd                     0x08000e7c   Section        0  stm32f10x_rcc.o(i.RCC_BackupResetCmd)
    i.RCC_GetClocksFreq                      0x08000e88   Section        0  stm32f10x_rcc.o(i.RCC_GetClocksFreq)
    i.RCC_GetFlagStatus                      0x08000f5c   Section        0  stm32f10x_rcc.o(i.RCC_GetFlagStatus)
    i.RCC_LSEConfig                          0x08000f98   Section        0  stm32f10x_rcc.o(i.RCC_LSEConfig)
    i.RCC_RTCCLKCmd                          0x08000fcc   Section        0  stm32f10x_rcc.o(i.RCC_RTCCLKCmd)
    i.RCC_RTCCLKConfig                       0x08000fd8   Section        0  stm32f10x_rcc.o(i.RCC_RTCCLKConfig)
    i.RTC_EnterConfigMode                    0x08000fe8   Section        0  stm32f10x_rtc.o(i.RTC_EnterConfigMode)
    i.RTC_ExitConfigMode                     0x08000ffc   Section        0  stm32f10x_rtc.o(i.RTC_ExitConfigMode)
    i.RTC_GetCounter                         0x08001010   Section        0  stm32f10x_rtc.o(i.RTC_GetCounter)
    i.RTC_SetCounter                         0x0800103c   Section        0  stm32f10x_rtc.o(i.RTC_SetCounter)
    i.RTC_SetPrescaler                       0x08001058   Section        0  stm32f10x_rtc.o(i.RTC_SetPrescaler)
    i.RTC_WaitForLastTask                    0x08001078   Section        0  stm32f10x_rtc.o(i.RTC_WaitForLastTask)
    i.RTC_WaitForSynchro                     0x0800108c   Section        0  stm32f10x_rtc.o(i.RTC_WaitForSynchro)
    i.SPI_Cmd                                0x080010b0   Section        0  stm32f10x_spi.o(i.SPI_Cmd)
    i.SPI_I2S_DMACmd                         0x080010c8   Section        0  stm32f10x_spi.o(i.SPI_I2S_DMACmd)
    i.SPI_I2S_GetFlagStatus                  0x080010da   Section        0  stm32f10x_spi.o(i.SPI_I2S_GetFlagStatus)
    i.SPI_I2S_SendData                       0x080010ec   Section        0  stm32f10x_spi.o(i.SPI_I2S_SendData)
    i.SPI_Init                               0x080010f0   Section        0  stm32f10x_spi.o(i.SPI_Init)
    i.SetSysClock                            0x0800112c   Section        0  system_stm32f10x.o(i.SetSysClock)
    SetSysClock                              0x0800112d   Thumb Code     8  system_stm32f10x.o(i.SetSysClock)
    i.SetSysClockTo72                        0x08001134   Section        0  system_stm32f10x.o(i.SetSysClockTo72)
    SetSysClockTo72                          0x08001135   Thumb Code   214  system_stm32f10x.o(i.SetSysClockTo72)
    i.SystemInit                             0x08001214   Section        0  system_stm32f10x.o(i.SystemInit)
    i.TIM2_IRQHandler                        0x08001274   Section        0  timer.o(i.TIM2_IRQHandler)
    i.TIM_ClearITPendingBit                  0x0800129c   Section        0  stm32f10x_tim.o(i.TIM_ClearITPendingBit)
    i.TIM_Cmd                                0x080012a2   Section        0  stm32f10x_tim.o(i.TIM_Cmd)
    i.TIM_GetITStatus                        0x080012ba   Section        0  stm32f10x_tim.o(i.TIM_GetITStatus)
    i.TIM_ITConfig                           0x080012dc   Section        0  stm32f10x_tim.o(i.TIM_ITConfig)
    i.TIM_TimeBaseInit                       0x080012f0   Section        0  stm32f10x_tim.o(i.TIM_TimeBaseInit)
    i.USART2_IRQHandler                      0x08001394   Section        0  esp_usart.o(i.USART2_IRQHandler)
    i.USART_Cmd                              0x080013c8   Section        0  stm32f10x_usart.o(i.USART_Cmd)
    i.USART_GetFlagStatus                    0x080013e0   Section        0  stm32f10x_usart.o(i.USART_GetFlagStatus)
    i.USART_GetITStatus                      0x080013fa   Section        0  stm32f10x_usart.o(i.USART_GetITStatus)
    i.USART_ITConfig                         0x0800144e   Section        0  stm32f10x_usart.o(i.USART_ITConfig)
    i.USART_Init                             0x08001498   Section        0  stm32f10x_usart.o(i.USART_Init)
    i.USART_ReceiveData                      0x08001570   Section        0  stm32f10x_usart.o(i.USART_ReceiveData)
    i.USART_SendData                         0x0800157a   Section        0  stm32f10x_usart.o(i.USART_SendData)
    i.__0snprintf                            0x08001584   Section        0  printfa.o(i.__0snprintf)
    i.__aeabi_errno_addr                     0x080015b4   Section        0  errno.o(i.__aeabi_errno_addr)
    i.__scatterload_copy                     0x080015bc   Section       14  handlers.o(i.__scatterload_copy)
    i.__scatterload_null                     0x080015ca   Section        2  handlers.o(i.__scatterload_null)
    i.__scatterload_zeroinit                 0x080015cc   Section       14  handlers.o(i.__scatterload_zeroinit)
    i._fp_digits                             0x080015dc   Section        0  printfa.o(i._fp_digits)
    _fp_digits                               0x080015dd   Thumb Code   366  printfa.o(i._fp_digits)
    i._printf_core                           0x08001760   Section        0  printfa.o(i._printf_core)
    _printf_core                             0x08001761   Thumb Code  1744  printfa.o(i._printf_core)
    i._printf_post_padding                   0x08001e3c   Section        0  printfa.o(i._printf_post_padding)
    _printf_post_padding                     0x08001e3d   Thumb Code    36  printfa.o(i._printf_post_padding)
    i._printf_pre_padding                    0x08001e60   Section        0  printfa.o(i._printf_pre_padding)
    _printf_pre_padding                      0x08001e61   Thumb Code    46  printfa.o(i._printf_pre_padding)
    i._snputc                                0x08001e8e   Section        0  printfa.o(i._snputc)
    _snputc                                  0x08001e8f   Thumb Code    22  printfa.o(i._snputc)
    i.board_lowlevel_init                    0x08001ea4   Section        0  board.o(i.board_lowlevel_init)
    i.delay_ms                               0x08001f1c   Section        0  delay.o(i.delay_ms)
    i.delay_us                               0x08001f34   Section        0  delay.o(i.delay_us)
    i.esp_at_get_http                        0x08001f74   Section        0  esp_at.o(i.esp_at_get_http)
    i.esp_at_get_time                        0x08001fbc   Section        0  esp_at.o(i.esp_at_get_time)
    i.esp_at_init                            0x08002010   Section        0  esp_at.o(i.esp_at_init)
    i.esp_at_reset                           0x08002030   Section        0  esp_at.o(i.esp_at_reset)
    i.esp_at_send_command                    0x080020a0   Section        0  esp_at.o(i.esp_at_send_command)
    i.esp_at_sntp_init                       0x08002118   Section        0  esp_at.o(i.esp_at_sntp_init)
    i.esp_at_wifi_connect                    0x0800218c   Section        0  esp_at.o(i.esp_at_wifi_connect)
    i.esp_at_wifi_init                       0x080021d0   Section        0  esp_at.o(i.esp_at_wifi_init)
    i.esp_usart_init                         0x080021f8   Section        0  esp_usart.o(i.esp_usart_init)
    i.esp_usart_receive_register             0x08002294   Section        0  esp_usart.o(i.esp_usart_receive_register)
    i.esp_usart_write_data                   0x080022a0   Section        0  esp_usart.o(i.esp_usart_write_data)
    i.esp_usart_write_string                 0x080022d0   Section        0  esp_usart.o(i.esp_usart_write_string)
    i.i2c_delay                              0x080022e6   Section        0  swi2c.o(i.i2c_delay)
    i2c_delay                                0x080022e7   Thumb Code    10  swi2c.o(i.i2c_delay)
    i.i2c_io_init                            0x080022f0   Section        0  swi2c.o(i.i2c_io_init)
    i2c_io_init                              0x080022f1   Thumb Code    56  swi2c.o(i.i2c_io_init)
    i.i2c_read_byte                          0x0800232c   Section        0  swi2c.o(i.i2c_read_byte)
    i2c_read_byte                            0x0800232d   Thumb Code   128  swi2c.o(i.i2c_read_byte)
    i.i2c_start                              0x080023b0   Section        0  swi2c.o(i.i2c_start)
    i2c_start                                0x080023b1   Thumb Code    44  swi2c.o(i.i2c_start)
    i.i2c_stop                               0x080023e0   Section        0  swi2c.o(i.i2c_stop)
    i2c_stop                                 0x080023e1   Thumb Code    40  swi2c.o(i.i2c_stop)
    i.i2c_write_byte                         0x0800240c   Section        0  swi2c.o(i.i2c_write_byte)
    i2c_write_byte                           0x0800240d   Thumb Code   130  swi2c.o(i.i2c_write_byte)
    i.lcd_spi_gpio_init                      0x08002494   Section        0  lcd_spi.o(i.lcd_spi_gpio_init)
    lcd_spi_gpio_init                        0x08002495   Thumb Code    76  lcd_spi.o(i.lcd_spi_gpio_init)
    i.lcd_spi_init                           0x080024e4   Section        0  lcd_spi.o(i.lcd_spi_init)
    i.lcd_spi_lowlevel_init                  0x080024f4   Section        0  lcd_spi.o(i.lcd_spi_lowlevel_init)
    lcd_spi_lowlevel_init                    0x080024f5   Thumb Code    86  lcd_spi.o(i.lcd_spi_lowlevel_init)
    i.lcd_spi_nvic_init                      0x08002550   Section        0  lcd_spi.o(i.lcd_spi_nvic_init)
    lcd_spi_nvic_init                        0x08002551   Thumb Code    34  lcd_spi.o(i.lcd_spi_nvic_init)
    i.lcd_spi_send_finish_register           0x08002574   Section        0  lcd_spi.o(i.lcd_spi_send_finish_register)
    i.lcd_spi_write                          0x08002580   Section        0  lcd_spi.o(i.lcd_spi_write)
    i.lcd_spi_write_async                    0x080025bc   Section        0  lcd_spi.o(i.lcd_spi_write_async)
    i.led_init                               0x08002618   Section        0  led.o(i.led_init)
    i.main                                   0x08002644   Section        0  main.o(i.main)
    i.mpu6050_init                           0x080029bc   Section        0  mpu6050.o(i.mpu6050_init)
    i.mpu6050_read_temper                    0x08002a24   Section        0  mpu6050.o(i.mpu6050_read_temper)
    i.on_usart_received                      0x08002a60   Section        0  esp_at.o(i.on_usart_received)
    on_usart_received                        0x08002a61   Thumb Code   206  esp_at.o(i.on_usart_received)
    i.rtc_get_date                           0x08002b40   Section        0  rtc.o(i.rtc_get_date)
    i.rtc_init                               0x08002b56   Section        0  rtc.o(i.rtc_init)
    i.rtc_set_timestamp                      0x08002b7c   Section        0  rtc.o(i.rtc_set_timestamp)
    i.spi_on_async_finish                    0x08002b90   Section        0  st7735.o(i.spi_on_async_finish)
    spi_on_async_finish                      0x08002b91   Thumb Code     8  st7735.o(i.spi_on_async_finish)
    i.st7735_bl_on                           0x08002b9c   Section        0  st7735.o(i.st7735_bl_on)
    st7735_bl_on                             0x08002b9d   Thumb Code    14  st7735.o(i.st7735_bl_on)
    i.st7735_draw_image                      0x08002bb0   Section        0  st7735.o(i.st7735_draw_image)
    i.st7735_exec_cmds                       0x08002c18   Section        0  st7735.o(i.st7735_exec_cmds)
    st7735_exec_cmds                         0x08002c19   Thumb Code    64  st7735.o(i.st7735_exec_cmds)
    i.st7735_fill_rect                       0x08002c58   Section        0  st7735.o(i.st7735_fill_rect)
    i.st7735_fill_screen                     0x08002d24   Section        0  st7735.o(i.st7735_fill_screen)
    i.st7735_find_font                       0x08002d38   Section        0  st7735.o(i.st7735_find_font)
    st7735_find_font                         0x08002d39   Thumb Code    56  st7735.o(i.st7735_find_font)
    i.st7735_init                            0x08002d70   Section        0  st7735.o(i.st7735_init)
    i.st7735_pin_init                        0x08002da0   Section        0  st7735.o(i.st7735_pin_init)
    st7735_pin_init                          0x08002da1   Thumb Code   116  st7735.o(i.st7735_pin_init)
    i.st7735_reset                           0x08002e1c   Section        0  st7735.o(i.st7735_reset)
    st7735_reset                             0x08002e1d   Thumb Code    36  st7735.o(i.st7735_reset)
    i.st7735_select                          0x08002e44   Section        0  st7735.o(i.st7735_select)
    st7735_select                            0x08002e45   Thumb Code    14  st7735.o(i.st7735_select)
    i.st7735_set_window                      0x08002e58   Section        0  st7735.o(i.st7735_set_window)
    st7735_set_window                        0x08002e59   Thumb Code    82  st7735.o(i.st7735_set_window)
    i.st7735_unselect                        0x08002eac   Section        0  st7735.o(i.st7735_unselect)
    i.st7735_write_char                      0x08002ec0   Section        0  st7735.o(i.st7735_write_char)
    i.st7735_write_cmd                       0x08002f78   Section        0  st7735.o(i.st7735_write_cmd)
    st7735_write_cmd                         0x08002f79   Thumb Code    22  st7735.o(i.st7735_write_cmd)
    i.st7735_write_data                      0x08002f94   Section        0  st7735.o(i.st7735_write_data)
    st7735_write_data                        0x08002f95   Thumb Code    42  st7735.o(i.st7735_write_data)
    i.st7735_write_string                    0x08002fc8   Section        0  st7735.o(i.st7735_write_string)
    i.swi2c_init                             0x08003024   Section        0  swi2c.o(i.swi2c_init)
    i.swi2c_read                             0x0800302c   Section        0  swi2c.o(i.swi2c_read)
    i.swi2c_write                            0x08003090   Section        0  swi2c.o(i.swi2c_write)
    i.timer_elapsed_callback                 0x080030d4   Section        0  main.o(i.timer_elapsed_callback)
    timer_elapsed_callback                   0x080030d5   Thumb Code    28  main.o(i.timer_elapsed_callback)
    i.timer_elapsed_register                 0x080030f8   Section        0  timer.o(i.timer_elapsed_register)
    i.timer_init                             0x08003104   Section        0  timer.o(i.timer_init)
    i.timer_start                            0x08003154   Section        0  timer.o(i.timer_start)
    i.ts_to_date                             0x08003160   Section        0  rtc.o(i.ts_to_date)
    i.weather_parse                          0x08003248   Section        0  weather.o(i.weather_parse)
    i.wifi_init                              0x080032e8   Section        0  main.o(i.wifi_init)
    wifi_init                                0x080032e9   Thumb Code   372  main.o(i.wifi_init)
    .constdata                               0x080034b8   Section      780  font_temper_32.o(.constdata)
    font_temper_16x32_data                   0x080034b8   Data         780  font_temper_32.o(.constdata)
    .constdata                               0x080037c4   Section     1740  font_time_48.o(.constdata)
    font_time_24x48_data                     0x080037c4   Data        1740  font_time_48.o(.constdata)
    .constdata                               0x08003e90   Section     4616  icon_weather_duoyun.o(.constdata)
    duoyun_map                               0x08003e90   Data        4608  icon_weather_duoyun.o(.constdata)
    .constdata                               0x08005098   Section     4616  icon_weather_feng.o(.constdata)
    feng_map                                 0x08005098   Data        4608  icon_weather_feng.o(.constdata)
    .constdata                               0x080062a0   Section     4616  icon_weather_qing.o(.constdata)
    qing_map                                 0x080062a0   Data        4608  icon_weather_qing.o(.constdata)
    .constdata                               0x080074a8   Section     4616  icon_weather_xue.o(.constdata)
    xue_map                                  0x080074a8   Data        4608  icon_weather_xue.o(.constdata)
    .constdata                               0x080086b0   Section     4616  icon_weather_yin.o(.constdata)
    yin_map                                  0x080086b0   Data        4608  icon_weather_yin.o(.constdata)
    .constdata                               0x080098b8   Section     4616  icon_weather_yu.o(.constdata)
    yu_map                                   0x080098b8   Data        4608  icon_weather_yu.o(.constdata)
    .constdata                               0x0800aac0   Section       48  rtc.o(.constdata)
    .constdata                               0x0800aaf0   Section      109  st7735.o(.constdata)
    init_cmd_list                            0x0800aaf0   Data         109  st7735.o(.constdata)
    .constdata                               0x0800ab5d   Section     1615  stfonts.o(.constdata)
    font_ascii_8x16_data                     0x0800ab5d   Data        1615  stfonts.o(.constdata)
    .constdata                               0x0800b1ac   Section      129  ctype_o.o(.constdata)
    .constdata                               0x0800b230   Section        4  ctype_o.o(.constdata)
    table                                    0x0800b230   Data           4  ctype_o.o(.constdata)
    .conststring                             0x0800b234   Section      122  main.o(.conststring)
    .data                                    0x20000000   Section       20  main.o(.data)
    wifi_ssid                                0x20000000   Data           4  main.o(.data)
    wifi_password                            0x20000004   Data           4  main.o(.data)
    weather_uri                              0x20000008   Data           4  main.o(.data)
    runms                                    0x2000000c   Data           4  main.o(.data)
    disp_height                              0x20000010   Data           4  main.o(.data)
    .data                                    0x20000014   Section       12  font_temper_32.o(.data)
    .data                                    0x20000020   Section       12  font_time_48.o(.data)
    .data                                    0x2000002c   Section        4  timer.o(.data)
    timer_elapsed_callback                   0x2000002c   Data           4  timer.o(.data)
    .data                                    0x20000030   Section        6  esp_at.o(.data)
    rxlen                                    0x20000030   Data           4  esp_at.o(.data)
    rxready                                  0x20000034   Data           1  esp_at.o(.data)
    rxresult                                 0x20000035   Data           1  esp_at.o(.data)
    .data                                    0x20000038   Section        4  esp_usart.o(.data)
    esp_usart_receive_callback               0x20000038   Data           4  esp_usart.o(.data)
    .data                                    0x2000003c   Section        4  lcd_spi.o(.data)
    lcd_spi_send_finish_callback             0x2000003c   Data           4  lcd_spi.o(.data)
    .data                                    0x20000040   Section        1  st7735.o(.data)
    spi_async_done                           0x20000040   Data           1  st7735.o(.data)
    .data                                    0x20000044   Section       12  stfonts.o(.data)
    .data                                    0x20000050   Section       20  system_stm32f10x.o(.data)
    .data                                    0x20000064   Section       20  stm32f10x_rcc.o(.data)
    APBAHBPrescTable                         0x20000064   Data          16  stm32f10x_rcc.o(.data)
    ADCPrescTable                            0x20000074   Data           4  stm32f10x_rcc.o(.data)
    .data                                    0x20000078   Section        4  errno.o(.data)
    _errno                                   0x20000078   Data           4  errno.o(.data)
    .bss                                     0x2000007c   Section     4096  esp_at.o(.bss)
    rxdata                                   0x2000007c   Data        4096  esp_at.o(.bss)
    .bss                                     0x2000107c   Section     4096  st7735.o(.bss)
    gram_buff                                0x2000107c   Data        4096  st7735.o(.bss)
    STACK                                    0x20002080   Section     1024  startup_stm32f10x_md.o(STACK)

    Global Symbols

    Symbol Name                              Value     Ov Type        Size  Object(Section)

    BuildAttributes$$THM_ISAv4$P$D$K$B$S$PE$A:L22UL41UL21$X:L11$S22US41US21$IEEE1$IW$USESV6$~STKCKD$USESV7$~SHL$OTIME$ROPI$EBA8$MICROLIB$REQ8$PRES8$EABIv2 0x00000000   Number         0  anon$$obj.o ABSOLUTE
    __ARM_use_no_argv                        0x00000000   Number         0  main.o ABSOLUTE
    _printf_a                                0x00000000   Number         0  stubs.o ABSOLUTE
    _printf_c                                0x00000000   Number         0  stubs.o ABSOLUTE
    _printf_charcount                        0x00000000   Number         0  stubs.o ABSOLUTE
    _printf_d                                0x00000000   Number         0  stubs.o ABSOLUTE
    _printf_e                                0x00000000   Number         0  stubs.o ABSOLUTE
    _printf_f                                0x00000000   Number         0  stubs.o ABSOLUTE
    _printf_flags                            0x00000000   Number         0  stubs.o ABSOLUTE
    _printf_fp_dec                           0x00000000   Number         0  stubs.o ABSOLUTE
    _printf_fp_hex                           0x00000000   Number         0  stubs.o ABSOLUTE
    _printf_g                                0x00000000   Number         0  stubs.o ABSOLUTE
    _printf_i                                0x00000000   Number         0  stubs.o ABSOLUTE
    _printf_int_dec                          0x00000000   Number         0  stubs.o ABSOLUTE
    _printf_l                                0x00000000   Number         0  stubs.o ABSOLUTE
    _printf_lc                               0x00000000   Number         0  stubs.o ABSOLUTE
    _printf_ll                               0x00000000   Number         0  stubs.o ABSOLUTE
    _printf_lld                              0x00000000   Number         0  stubs.o ABSOLUTE
    _printf_lli                              0x00000000   Number         0  stubs.o ABSOLUTE
    _printf_llo                              0x00000000   Number         0  stubs.o ABSOLUTE
    _printf_llu                              0x00000000   Number         0  stubs.o ABSOLUTE
    _printf_llx                              0x00000000   Number         0  stubs.o ABSOLUTE
    _printf_longlong_dec                     0x00000000   Number         0  stubs.o ABSOLUTE
    _printf_longlong_hex                     0x00000000   Number         0  stubs.o ABSOLUTE
    _printf_longlong_oct                     0x00000000   Number         0  stubs.o ABSOLUTE
    _printf_ls                               0x00000000   Number         0  stubs.o ABSOLUTE
    _printf_mbtowc                           0x00000000   Number         0  stubs.o ABSOLUTE
    _printf_n                                0x00000000   Number         0  stubs.o ABSOLUTE
    _printf_o                                0x00000000   Number         0  stubs.o ABSOLUTE
    _printf_p                                0x00000000   Number         0  stubs.o ABSOLUTE
    _printf_percent                          0x00000000   Number         0  stubs.o ABSOLUTE
    _printf_pre_padding                      0x00000000   Number         0  stubs.o ABSOLUTE
    _printf_return_value                     0x00000000   Number         0  stubs.o ABSOLUTE
    _printf_s                                0x00000000   Number         0  stubs.o ABSOLUTE
    _printf_sizespec                         0x00000000   Number         0  stubs.o ABSOLUTE
    _printf_str                              0x00000000   Number         0  stubs.o ABSOLUTE
    _printf_truncate_signed                  0x00000000   Number         0  stubs.o ABSOLUTE
    _printf_truncate_unsigned                0x00000000   Number         0  stubs.o ABSOLUTE
    _printf_u                                0x00000000   Number         0  stubs.o ABSOLUTE
    _printf_wc                               0x00000000   Number         0  stubs.o ABSOLUTE
    _printf_wctomb                           0x00000000   Number         0  stubs.o ABSOLUTE
    _printf_widthprec                        0x00000000   Number         0  stubs.o ABSOLUTE
    _printf_x                                0x00000000   Number         0  stubs.o ABSOLUTE
    __cpp_initialize__aeabi_                  - Undefined Weak Reference
    __cxa_finalize                            - Undefined Weak Reference
    __decompress                              - Undefined Weak Reference
    _clock_init                               - Undefined Weak Reference
    _microlib_exit                            - Undefined Weak Reference
    __Vectors_Size                           0x000000ec   Number         0  startup_stm32f10x_md.o ABSOLUTE
    __Vectors                                0x08000000   Data           4  startup_stm32f10x_md.o(RESET)
    __Vectors_End                            0x080000ec   Data           0  startup_stm32f10x_md.o(RESET)
    __main                                   0x080000ed   Thumb Code     0  entry.o(.ARM.Collect$$$$00000000)
    _main_stk                                0x080000ed   Thumb Code     0  entry2.o(.ARM.Collect$$$$00000001)
    _main_scatterload                        0x080000f1   Thumb Code     0  entry5.o(.ARM.Collect$$$$00000004)
    __main_after_scatterload                 0x080000f5   Thumb Code     0  entry5.o(.ARM.Collect$$$$00000004)
    _main_clock                              0x080000f5   Thumb Code     0  entry7b.o(.ARM.Collect$$$$00000008)
    _main_cpp_init                           0x080000f5   Thumb Code     0  entry8b.o(.ARM.Collect$$$$0000000A)
    _main_init                               0x080000f5   Thumb Code     0  entry9a.o(.ARM.Collect$$$$0000000B)
    __rt_final_cpp                           0x080000fd   Thumb Code     0  entry10a.o(.ARM.Collect$$$$0000000D)
    __rt_final_exit                          0x080000fd   Thumb Code     0  entry11a.o(.ARM.Collect$$$$0000000F)
    Reset_Handler                            0x08000101   Thumb Code     8  startup_stm32f10x_md.o(.text)
    NMI_Handler                              0x08000109   Thumb Code     2  startup_stm32f10x_md.o(.text)
    HardFault_Handler                        0x0800010b   Thumb Code     2  startup_stm32f10x_md.o(.text)
    MemManage_Handler                        0x0800010d   Thumb Code     2  startup_stm32f10x_md.o(.text)
    BusFault_Handler                         0x0800010f   Thumb Code     2  startup_stm32f10x_md.o(.text)
    UsageFault_Handler                       0x08000111   Thumb Code     2  startup_stm32f10x_md.o(.text)
    SVC_Handler                              0x08000113   Thumb Code     2  startup_stm32f10x_md.o(.text)
    DebugMon_Handler                         0x08000115   Thumb Code     2  startup_stm32f10x_md.o(.text)
    PendSV_Handler                           0x08000117   Thumb Code     2  startup_stm32f10x_md.o(.text)
    SysTick_Handler                          0x08000119   Thumb Code     2  startup_stm32f10x_md.o(.text)
    ADC1_2_IRQHandler                        0x0800011b   Thumb Code     0  startup_stm32f10x_md.o(.text)
    CAN1_RX1_IRQHandler                      0x0800011b   Thumb Code     0  startup_stm32f10x_md.o(.text)
    CAN1_SCE_IRQHandler                      0x0800011b   Thumb Code     0  startup_stm32f10x_md.o(.text)
    DMA1_Channel1_IRQHandler                 0x0800011b   Thumb Code     0  startup_stm32f10x_md.o(.text)
    DMA1_Channel2_IRQHandler                 0x0800011b   Thumb Code     0  startup_stm32f10x_md.o(.text)
    DMA1_Channel4_IRQHandler                 0x0800011b   Thumb Code     0  startup_stm32f10x_md.o(.text)
    DMA1_Channel5_IRQHandler                 0x0800011b   Thumb Code     0  startup_stm32f10x_md.o(.text)
    DMA1_Channel6_IRQHandler                 0x0800011b   Thumb Code     0  startup_stm32f10x_md.o(.text)
    DMA1_Channel7_IRQHandler                 0x0800011b   Thumb Code     0  startup_stm32f10x_md.o(.text)
    EXTI0_IRQHandler                         0x0800011b   Thumb Code     0  startup_stm32f10x_md.o(.text)
    EXTI15_10_IRQHandler                     0x0800011b   Thumb Code     0  startup_stm32f10x_md.o(.text)
    EXTI1_IRQHandler                         0x0800011b   Thumb Code     0  startup_stm32f10x_md.o(.text)
    EXTI2_IRQHandler                         0x0800011b   Thumb Code     0  startup_stm32f10x_md.o(.text)
    EXTI3_IRQHandler                         0x0800011b   Thumb Code     0  startup_stm32f10x_md.o(.text)
    EXTI4_IRQHandler                         0x0800011b   Thumb Code     0  startup_stm32f10x_md.o(.text)
    EXTI9_5_IRQHandler                       0x0800011b   Thumb Code     0  startup_stm32f10x_md.o(.text)
    FLASH_IRQHandler                         0x0800011b   Thumb Code     0  startup_stm32f10x_md.o(.text)
    I2C1_ER_IRQHandler                       0x0800011b   Thumb Code     0  startup_stm32f10x_md.o(.text)
    I2C1_EV_IRQHandler                       0x0800011b   Thumb Code     0  startup_stm32f10x_md.o(.text)
    I2C2_ER_IRQHandler                       0x0800011b   Thumb Code     0  startup_stm32f10x_md.o(.text)
    I2C2_EV_IRQHandler                       0x0800011b   Thumb Code     0  startup_stm32f10x_md.o(.text)
    PVD_IRQHandler                           0x0800011b   Thumb Code     0  startup_stm32f10x_md.o(.text)
    RCC_IRQHandler                           0x0800011b   Thumb Code     0  startup_stm32f10x_md.o(.text)
    RTCAlarm_IRQHandler                      0x0800011b   Thumb Code     0  startup_stm32f10x_md.o(.text)
    RTC_IRQHandler                           0x0800011b   Thumb Code     0  startup_stm32f10x_md.o(.text)
    SPI1_IRQHandler                          0x0800011b   Thumb Code     0  startup_stm32f10x_md.o(.text)
    SPI2_IRQHandler                          0x0800011b   Thumb Code     0  startup_stm32f10x_md.o(.text)
    TAMPER_IRQHandler                        0x0800011b   Thumb Code     0  startup_stm32f10x_md.o(.text)
    TIM1_BRK_IRQHandler                      0x0800011b   Thumb Code     0  startup_stm32f10x_md.o(.text)
    TIM1_CC_IRQHandler                       0x0800011b   Thumb Code     0  startup_stm32f10x_md.o(.text)
    TIM1_TRG_COM_IRQHandler                  0x0800011b   Thumb Code     0  startup_stm32f10x_md.o(.text)
    TIM1_UP_IRQHandler                       0x0800011b   Thumb Code     0  startup_stm32f10x_md.o(.text)
    TIM3_IRQHandler                          0x0800011b   Thumb Code     0  startup_stm32f10x_md.o(.text)
    TIM4_IRQHandler                          0x0800011b   Thumb Code     0  startup_stm32f10x_md.o(.text)
    USART1_IRQHandler                        0x0800011b   Thumb Code     0  startup_stm32f10x_md.o(.text)
    USART3_IRQHandler                        0x0800011b   Thumb Code     0  startup_stm32f10x_md.o(.text)
    USBWakeUp_IRQHandler                     0x0800011b   Thumb Code     0  startup_stm32f10x_md.o(.text)
    USB_HP_CAN1_TX_IRQHandler                0x0800011b   Thumb Code     0  startup_stm32f10x_md.o(.text)
    USB_LP_CAN1_RX0_IRQHandler               0x0800011b   Thumb Code     0  startup_stm32f10x_md.o(.text)
    WWDG_IRQHandler                          0x0800011b   Thumb Code     0  startup_stm32f10x_md.o(.text)
    __aeabi_memcpy                           0x08000125   Thumb Code    36  memcpya.o(.text)
    __aeabi_memcpy4                          0x08000125   Thumb Code     0  memcpya.o(.text)
    __aeabi_memcpy8                          0x08000125   Thumb Code     0  memcpya.o(.text)
    strstr                                   0x08000149   Thumb Code    36  strstr.o(.text)
    strncpy                                  0x0800016d   Thumb Code    24  strncpy.o(.text)
    strchr                                   0x08000185   Thumb Code    20  strchr.o(.text)
    strlen                                   0x08000199   Thumb Code    14  strlen.o(.text)
    strcmp                                   0x080001a7   Thumb Code    28  strcmp.o(.text)
    atoi                                     0x080001c3   Thumb Code    26  atoi.o(.text)
    __aeabi_fadd                             0x080001dd   Thumb Code   164  fadd.o(.text)
    __aeabi_fsub                             0x08000281   Thumb Code     6  fadd.o(.text)
    __aeabi_frsub                            0x08000287   Thumb Code     6  fadd.o(.text)
    __aeabi_fdiv                             0x0800028d   Thumb Code   124  fdiv.o(.text)
    __aeabi_i2f                              0x08000309   Thumb Code    18  fflti.o(.text)
    __aeabi_f2d                              0x0800031b   Thumb Code    38  f2d.o(.text)
    __aeabi_uidiv                            0x08000341   Thumb Code     0  uidiv.o(.text)
    __aeabi_uidivmod                         0x08000341   Thumb Code    44  uidiv.o(.text)
    __aeabi_uldivmod                         0x0800036d   Thumb Code    98  uldiv.o(.text)
    strtol                                   0x080003cf   Thumb Code   112  strtol.o(.text)
    __I$use$fp                               0x0800043f   Thumb Code     0  iusefp.o(.text)
    _float_round                             0x0800043f   Thumb Code    18  fepilogue.o(.text)
    _float_epilogue                          0x08000451   Thumb Code    92  fepilogue.o(.text)
    __aeabi_dadd                             0x080004ad   Thumb Code   322  dadd.o(.text)
    __aeabi_dsub                             0x080005ef   Thumb Code     6  dadd.o(.text)
    __aeabi_drsub                            0x080005f5   Thumb Code     6  dadd.o(.text)
    __aeabi_dmul                             0x080005fb   Thumb Code   228  dmul.o(.text)
    __aeabi_ddiv                             0x080006df   Thumb Code   222  ddiv.o(.text)
    __aeabi_d2ulz                            0x080007bd   Thumb Code    48  dfixul.o(.text)
    __aeabi_cdrcmple                         0x080007ed   Thumb Code    48  cdrcmple.o(.text)
    __scatterload                            0x0800081d   Thumb Code    28  init.o(.text)
    __scatterload_rt2                        0x0800081d   Thumb Code     0  init.o(.text)
    __aeabi_llsl                             0x08000841   Thumb Code    30  llshl.o(.text)
    _ll_shift_l                              0x08000841   Thumb Code     0  llshl.o(.text)
    __aeabi_llsr                             0x0800085f   Thumb Code    32  llushr.o(.text)
    _ll_ushift_r                             0x0800085f   Thumb Code     0  llushr.o(.text)
    __aeabi_lasr                             0x0800087f   Thumb Code    36  llsshr.o(.text)
    _ll_sshift_r                             0x0800087f   Thumb Code     0  llsshr.o(.text)
    __rt_ctype_table                         0x080008a5   Thumb Code     4  ctype_o.o(.text)
    _strtoul                                 0x080008ad   Thumb Code   158  _strtoul.o(.text)
    _double_round                            0x0800094b   Thumb Code    30  depilogue.o(.text)
    _double_epilogue                         0x08000969   Thumb Code   156  depilogue.o(.text)
    _chval                                   0x08000a05   Thumb Code    28  _chval.o(.text)
    BKP_DeInit                               0x08000a21   Thumb Code    16  stm32f10x_bkp.o(i.BKP_DeInit)
    DMA1_Channel3_IRQHandler                 0x08000a31   Thumb Code    50  lcd_spi.o(i.DMA1_Channel3_IRQHandler)
    DMA_ClearITPendingBit                    0x08000a6d   Thumb Code    18  stm32f10x_dma.o(i.DMA_ClearITPendingBit)
    DMA_Cmd                                  0x08000a89   Thumb Code    24  stm32f10x_dma.o(i.DMA_Cmd)
    DMA_DeInit                               0x08000aa1   Thumb Code   324  stm32f10x_dma.o(i.DMA_DeInit)
    DMA_GetITStatus                          0x08000bed   Thumb Code    36  stm32f10x_dma.o(i.DMA_GetITStatus)
    DMA_ITConfig                             0x08000c19   Thumb Code    18  stm32f10x_dma.o(i.DMA_ITConfig)
    DMA_Init                                 0x08000c2b   Thumb Code    60  stm32f10x_dma.o(i.DMA_Init)
    GPIO_Init                                0x08000c67   Thumb Code   278  stm32f10x_gpio.o(i.GPIO_Init)
    GPIO_ReadInputDataBit                    0x08000d7d   Thumb Code    18  stm32f10x_gpio.o(i.GPIO_ReadInputDataBit)
    GPIO_ResetBits                           0x08000d8f   Thumb Code     4  stm32f10x_gpio.o(i.GPIO_ResetBits)
    GPIO_SetBits                             0x08000d93   Thumb Code     4  stm32f10x_gpio.o(i.GPIO_SetBits)
    GPIO_WriteBit                            0x08000d97   Thumb Code    10  stm32f10x_gpio.o(i.GPIO_WriteBit)
    NVIC_Init                                0x08000da1   Thumb Code   100  misc.o(i.NVIC_Init)
    PWR_BackupAccessCmd                      0x08000e11   Thumb Code     6  stm32f10x_pwr.o(i.PWR_BackupAccessCmd)
    RCC_AHBPeriphClockCmd                    0x08000e1d   Thumb Code    26  stm32f10x_rcc.o(i.RCC_AHBPeriphClockCmd)
    RCC_APB1PeriphClockCmd                   0x08000e3d   Thumb Code    26  stm32f10x_rcc.o(i.RCC_APB1PeriphClockCmd)
    RCC_APB2PeriphClockCmd                   0x08000e5d   Thumb Code    26  stm32f10x_rcc.o(i.RCC_APB2PeriphClockCmd)
    RCC_BackupResetCmd                       0x08000e7d   Thumb Code     6  stm32f10x_rcc.o(i.RCC_BackupResetCmd)
    RCC_GetClocksFreq                        0x08000e89   Thumb Code   192  stm32f10x_rcc.o(i.RCC_GetClocksFreq)
    RCC_GetFlagStatus                        0x08000f5d   Thumb Code    56  stm32f10x_rcc.o(i.RCC_GetFlagStatus)
    RCC_LSEConfig                            0x08000f99   Thumb Code    46  stm32f10x_rcc.o(i.RCC_LSEConfig)
    RCC_RTCCLKCmd                            0x08000fcd   Thumb Code     6  stm32f10x_rcc.o(i.RCC_RTCCLKCmd)
    RCC_RTCCLKConfig                         0x08000fd9   Thumb Code    12  stm32f10x_rcc.o(i.RCC_RTCCLKConfig)
    RTC_EnterConfigMode                      0x08000fe9   Thumb Code    14  stm32f10x_rtc.o(i.RTC_EnterConfigMode)
    RTC_ExitConfigMode                       0x08000ffd   Thumb Code    16  stm32f10x_rtc.o(i.RTC_ExitConfigMode)
    RTC_GetCounter                           0x08001011   Thumb Code    38  stm32f10x_rtc.o(i.RTC_GetCounter)
    RTC_SetCounter                           0x0800103d   Thumb Code    24  stm32f10x_rtc.o(i.RTC_SetCounter)
    RTC_SetPrescaler                         0x08001059   Thumb Code    26  stm32f10x_rtc.o(i.RTC_SetPrescaler)
    RTC_WaitForLastTask                      0x08001079   Thumb Code    16  stm32f10x_rtc.o(i.RTC_WaitForLastTask)
    RTC_WaitForSynchro                       0x0800108d   Thumb Code    30  stm32f10x_rtc.o(i.RTC_WaitForSynchro)
    SPI_Cmd                                  0x080010b1   Thumb Code    24  stm32f10x_spi.o(i.SPI_Cmd)
    SPI_I2S_DMACmd                           0x080010c9   Thumb Code    18  stm32f10x_spi.o(i.SPI_I2S_DMACmd)
    SPI_I2S_GetFlagStatus                    0x080010db   Thumb Code    18  stm32f10x_spi.o(i.SPI_I2S_GetFlagStatus)
    SPI_I2S_SendData                         0x080010ed   Thumb Code     4  stm32f10x_spi.o(i.SPI_I2S_SendData)
    SPI_Init                                 0x080010f1   Thumb Code    60  stm32f10x_spi.o(i.SPI_Init)
    SystemInit                               0x08001215   Thumb Code    78  system_stm32f10x.o(i.SystemInit)
    TIM2_IRQHandler                          0x08001275   Thumb Code    34  timer.o(i.TIM2_IRQHandler)
    TIM_ClearITPendingBit                    0x0800129d   Thumb Code     6  stm32f10x_tim.o(i.TIM_ClearITPendingBit)
    TIM_Cmd                                  0x080012a3   Thumb Code    24  stm32f10x_tim.o(i.TIM_Cmd)
    TIM_GetITStatus                          0x080012bb   Thumb Code    34  stm32f10x_tim.o(i.TIM_GetITStatus)
    TIM_ITConfig                             0x080012dd   Thumb Code    18  stm32f10x_tim.o(i.TIM_ITConfig)
    TIM_TimeBaseInit                         0x080012f1   Thumb Code   122  stm32f10x_tim.o(i.TIM_TimeBaseInit)
    USART2_IRQHandler                        0x08001395   Thumb Code    42  esp_usart.o(i.USART2_IRQHandler)
    USART_Cmd                                0x080013c9   Thumb Code    24  stm32f10x_usart.o(i.USART_Cmd)
    USART_GetFlagStatus                      0x080013e1   Thumb Code    26  stm32f10x_usart.o(i.USART_GetFlagStatus)
    USART_GetITStatus                        0x080013fb   Thumb Code    84  stm32f10x_usart.o(i.USART_GetITStatus)
    USART_ITConfig                           0x0800144f   Thumb Code    74  stm32f10x_usart.o(i.USART_ITConfig)
    USART_Init                               0x08001499   Thumb Code   210  stm32f10x_usart.o(i.USART_Init)
    USART_ReceiveData                        0x08001571   Thumb Code    10  stm32f10x_usart.o(i.USART_ReceiveData)
    USART_SendData                           0x0800157b   Thumb Code     8  stm32f10x_usart.o(i.USART_SendData)
    __0snprintf                              0x08001585   Thumb Code    44  printfa.o(i.__0snprintf)
    __1snprintf                              0x08001585   Thumb Code     0  printfa.o(i.__0snprintf)
    __2snprintf                              0x08001585   Thumb Code     0  printfa.o(i.__0snprintf)
    __c89snprintf                            0x08001585   Thumb Code     0  printfa.o(i.__0snprintf)
    snprintf                                 0x08001585   Thumb Code     0  printfa.o(i.__0snprintf)
    __aeabi_errno_addr                       0x080015b5   Thumb Code     4  errno.o(i.__aeabi_errno_addr)
    __rt_errno_addr                          0x080015b5   Thumb Code     0  errno.o(i.__aeabi_errno_addr)
    __scatterload_copy                       0x080015bd   Thumb Code    14  handlers.o(i.__scatterload_copy)
    __scatterload_null                       0x080015cb   Thumb Code     2  handlers.o(i.__scatterload_null)
    __scatterload_zeroinit                   0x080015cd   Thumb Code    14  handlers.o(i.__scatterload_zeroinit)
    board_lowlevel_init                      0x08001ea5   Thumb Code   120  board.o(i.board_lowlevel_init)
    delay_ms                                 0x08001f1d   Thumb Code    24  delay.o(i.delay_ms)
    delay_us                                 0x08001f35   Thumb Code    54  delay.o(i.delay_us)
    esp_at_get_http                          0x08001f75   Thumb Code    50  esp_at.o(i.esp_at_get_http)
    esp_at_get_time                          0x08001fbd   Thumb Code    48  esp_at.o(i.esp_at_get_time)
    esp_at_init                              0x08002011   Thumb Code    24  esp_at.o(i.esp_at_init)
    esp_at_reset                             0x08002031   Thumb Code    74  esp_at.o(i.esp_at_reset)
    esp_at_send_command                      0x080020a1   Thumb Code   100  esp_at.o(i.esp_at_send_command)
    esp_at_sntp_init                         0x08002119   Thumb Code    46  esp_at.o(i.esp_at_sntp_init)
    esp_at_wifi_connect                      0x0800218d   Thumb Code    48  esp_at.o(i.esp_at_wifi_connect)
    esp_at_wifi_init                         0x080021d1   Thumb Code    26  esp_at.o(i.esp_at_wifi_init)
    esp_usart_init                           0x080021f9   Thumb Code   148  esp_usart.o(i.esp_usart_init)
    esp_usart_receive_register               0x08002295   Thumb Code     6  esp_usart.o(i.esp_usart_receive_register)
    esp_usart_write_data                     0x080022a1   Thumb Code    42  esp_usart.o(i.esp_usart_write_data)
    esp_usart_write_string                   0x080022d1   Thumb Code    22  esp_usart.o(i.esp_usart_write_string)
    lcd_spi_init                             0x080024e5   Thumb Code    16  lcd_spi.o(i.lcd_spi_init)
    lcd_spi_send_finish_register             0x08002575   Thumb Code     6  lcd_spi.o(i.lcd_spi_send_finish_register)
    lcd_spi_write                            0x08002581   Thumb Code    56  lcd_spi.o(i.lcd_spi_write)
    lcd_spi_write_async                      0x080025bd   Thumb Code    82  lcd_spi.o(i.lcd_spi_write_async)
    led_init                                 0x08002619   Thumb Code    40  led.o(i.led_init)
    main                                     0x08002645   Thumb Code   682  main.o(i.main)
    mpu6050_init                             0x080029bd   Thumb Code   104  mpu6050.o(i.mpu6050_init)
    mpu6050_read_temper                      0x08002a25   Thumb Code    52  mpu6050.o(i.mpu6050_read_temper)
    rtc_get_date                             0x08002b41   Thumb Code    22  rtc.o(i.rtc_get_date)
    rtc_init                                 0x08002b57   Thumb Code    38  rtc.o(i.rtc_init)
    rtc_set_timestamp                        0x08002b7d   Thumb Code    20  rtc.o(i.rtc_set_timestamp)
    st7735_draw_image                        0x08002bb1   Thumb Code   104  st7735.o(i.st7735_draw_image)
    st7735_fill_rect                         0x08002c59   Thumb Code   198  st7735.o(i.st7735_fill_rect)
    st7735_fill_screen                       0x08002d25   Thumb Code    20  st7735.o(i.st7735_fill_screen)
    st7735_init                              0x08002d71   Thumb Code    40  st7735.o(i.st7735_init)
    st7735_unselect                          0x08002ead   Thumb Code    14  st7735.o(i.st7735_unselect)
    st7735_write_char                        0x08002ec1   Thumb Code   180  st7735.o(i.st7735_write_char)
    st7735_write_string                      0x08002fc9   Thumb Code    92  st7735.o(i.st7735_write_string)
    swi2c_init                               0x08003025   Thumb Code     8  swi2c.o(i.swi2c_init)
    swi2c_read                               0x0800302d   Thumb Code   100  swi2c.o(i.swi2c_read)
    swi2c_write                              0x08003091   Thumb Code    68  swi2c.o(i.swi2c_write)
    timer_elapsed_register                   0x080030f9   Thumb Code     6  timer.o(i.timer_elapsed_register)
    timer_init                               0x08003105   Thumb Code    80  timer.o(i.timer_init)
    timer_start                              0x08003155   Thumb Code    12  timer.o(i.timer_start)
    ts_to_date                               0x08003161   Thumb Code   228  rtc.o(i.ts_to_date)
    weather_parse                            0x08003249   Thumb Code   132  weather.o(i.weather_parse)
    icon_weather_duoyun                      0x08005090   Data           8  icon_weather_duoyun.o(.constdata)
    icon_weather_feng                        0x08006298   Data           8  icon_weather_feng.o(.constdata)
    icon_weather_qing                        0x080074a0   Data           8  icon_weather_qing.o(.constdata)
    icon_weather_xue                         0x080086a8   Data           8  icon_weather_xue.o(.constdata)
    icon_weather_yin                         0x080098b0   Data           8  icon_weather_yin.o(.constdata)
    icon_weather_yu                          0x0800aab8   Data           8  icon_weather_yu.o(.constdata)
    __ctype_table                            0x0800b1ac   Data         129  ctype_o.o(.constdata)
    Region$$Table$$Base                      0x0800b2b0   Number         0  anon$$obj.o(Region$$Table)
    Region$$Table$$Limit                     0x0800b2d0   Number         0  anon$$obj.o(Region$$Table)
    font_temper_16x32                        0x20000014   Data          12  font_temper_32.o(.data)
    font_time_24x48                          0x20000020   Data          12  font_time_48.o(.data)
    font_ascii_8x16                          0x20000044   Data          12  stfonts.o(.data)
    SystemCoreClock                          0x20000050   Data           4  system_stm32f10x.o(.data)
    AHBPrescTable                            0x20000054   Data          16  system_stm32f10x.o(.data)
    __initial_sp                             0x20002480   Data           0  startup_stm32f10x_md.o(STACK)



==============================================================================

Memory Map of the image

  Image Entry point : 0x080000ed

  Load Region LR_IROM1 (Base: 0x08000000, Size: 0x0000b34c, Max: 0x00010000, ABSOLUTE)

    Execution Region ER_IROM1 (Exec base: 0x08000000, Load base: 0x08000000, Size: 0x0000b2d0, Max: 0x00010000, ABSOLUTE)

    Exec Addr    Load Addr    Size         Type   Attr      Idx    E Section Name        Object

    0x08000000   0x08000000   0x000000ec   Data   RO          852    RESET               startup_stm32f10x_md.o
    0x080000ec   0x080000ec   0x00000000   Code   RO         3869  * .ARM.Collect$$$$00000000  mc_w.l(entry.o)
    0x080000ec   0x080000ec   0x00000004   Code   RO         4157    .ARM.Collect$$$$00000001  mc_w.l(entry2.o)
    0x080000f0   0x080000f0   0x00000004   Code   RO         4160    .ARM.Collect$$$$00000004  mc_w.l(entry5.o)
    0x080000f4   0x080000f4   0x00000000   Code   RO         4162    .ARM.Collect$$$$00000008  mc_w.l(entry7b.o)
    0x080000f4   0x080000f4   0x00000000   Code   RO         4164    .ARM.Collect$$$$0000000A  mc_w.l(entry8b.o)
    0x080000f4   0x080000f4   0x00000008   Code   RO         4165    .ARM.Collect$$$$0000000B  mc_w.l(entry9a.o)
    0x080000fc   0x080000fc   0x00000000   Code   RO         4167    .ARM.Collect$$$$0000000D  mc_w.l(entry10a.o)
    0x080000fc   0x080000fc   0x00000000   Code   RO         4169    .ARM.Collect$$$$0000000F  mc_w.l(entry11a.o)
    0x080000fc   0x080000fc   0x00000004   Code   RO         4158    .ARM.Collect$$$$00002712  mc_w.l(entry2.o)
    0x08000100   0x08000100   0x00000024   Code   RO          853    .text               startup_stm32f10x_md.o
    0x08000124   0x08000124   0x00000024   Code   RO         3872    .text               mc_w.l(memcpya.o)
    0x08000148   0x08000148   0x00000024   Code   RO         3874    .text               mc_w.l(strstr.o)
    0x0800016c   0x0800016c   0x00000018   Code   RO         3876    .text               mc_w.l(strncpy.o)
    0x08000184   0x08000184   0x00000014   Code   RO         3878    .text               mc_w.l(strchr.o)
    0x08000198   0x08000198   0x0000000e   Code   RO         3880    .text               mc_w.l(strlen.o)
    0x080001a6   0x080001a6   0x0000001c   Code   RO         3882    .text               mc_w.l(strcmp.o)
    0x080001c2   0x080001c2   0x0000001a   Code   RO         4147    .text               mc_w.l(atoi.o)
    0x080001dc   0x080001dc   0x000000b0   Code   RO         4149    .text               mf_w.l(fadd.o)
    0x0800028c   0x0800028c   0x0000007c   Code   RO         4151    .text               mf_w.l(fdiv.o)
    0x08000308   0x08000308   0x00000012   Code   RO         4153    .text               mf_w.l(fflti.o)
    0x0800031a   0x0800031a   0x00000026   Code   RO         4155    .text               mf_w.l(f2d.o)
    0x08000340   0x08000340   0x0000002c   Code   RO         4174    .text               mc_w.l(uidiv.o)
    0x0800036c   0x0800036c   0x00000062   Code   RO         4176    .text               mc_w.l(uldiv.o)
    0x080003ce   0x080003ce   0x00000070   Code   RO         4185    .text               mc_w.l(strtol.o)
    0x0800043e   0x0800043e   0x00000000   Code   RO         4187    .text               mc_w.l(iusefp.o)
    0x0800043e   0x0800043e   0x0000006e   Code   RO         4188    .text               mf_w.l(fepilogue.o)
    0x080004ac   0x080004ac   0x0000014e   Code   RO         4190    .text               mf_w.l(dadd.o)
    0x080005fa   0x080005fa   0x000000e4   Code   RO         4192    .text               mf_w.l(dmul.o)
    0x080006de   0x080006de   0x000000de   Code   RO         4194    .text               mf_w.l(ddiv.o)
    0x080007bc   0x080007bc   0x00000030   Code   RO         4196    .text               mf_w.l(dfixul.o)
    0x080007ec   0x080007ec   0x00000030   Code   RO         4198    .text               mf_w.l(cdrcmple.o)
    0x0800081c   0x0800081c   0x00000024   Code   RO         4200    .text               mc_w.l(init.o)
    0x08000840   0x08000840   0x0000001e   Code   RO         4203    .text               mc_w.l(llshl.o)
    0x0800085e   0x0800085e   0x00000020   Code   RO         4205    .text               mc_w.l(llushr.o)
    0x0800087e   0x0800087e   0x00000024   Code   RO         4207    .text               mc_w.l(llsshr.o)
    0x080008a2   0x080008a2   0x00000002   PAD
    0x080008a4   0x080008a4   0x00000008   Code   RO         4209    .text               mc_w.l(ctype_o.o)
    0x080008ac   0x080008ac   0x0000009e   Code   RO         4237    .text               mc_w.l(_strtoul.o)
    0x0800094a   0x0800094a   0x000000ba   Code   RO         4240    .text               mf_w.l(depilogue.o)
    0x08000a04   0x08000a04   0x0000001c   Code   RO         4242    .text               mc_w.l(_chval.o)
    0x08000a20   0x08000a20   0x00000010   Code   RO         1162    i.BKP_DeInit        stm32f10x_bkp.o
    0x08000a30   0x08000a30   0x0000003c   Code   RO          564    i.DMA1_Channel3_IRQHandler  lcd_spi.o
    0x08000a6c   0x08000a6c   0x0000001c   Code   RO         1628    i.DMA_ClearITPendingBit  stm32f10x_dma.o
    0x08000a88   0x08000a88   0x00000018   Code   RO         1629    i.DMA_Cmd           stm32f10x_dma.o
    0x08000aa0   0x08000aa0   0x0000014c   Code   RO         1630    i.DMA_DeInit        stm32f10x_dma.o
    0x08000bec   0x08000bec   0x0000002c   Code   RO         1633    i.DMA_GetITStatus   stm32f10x_dma.o
    0x08000c18   0x08000c18   0x00000012   Code   RO         1634    i.DMA_ITConfig      stm32f10x_dma.o
    0x08000c2a   0x08000c2a   0x0000003c   Code   RO         1635    i.DMA_Init          stm32f10x_dma.o
    0x08000c66   0x08000c66   0x00000116   Code   RO         2053    i.GPIO_Init         stm32f10x_gpio.o
    0x08000d7c   0x08000d7c   0x00000012   Code   RO         2057    i.GPIO_ReadInputDataBit  stm32f10x_gpio.o
    0x08000d8e   0x08000d8e   0x00000004   Code   RO         2060    i.GPIO_ResetBits    stm32f10x_gpio.o
    0x08000d92   0x08000d92   0x00000004   Code   RO         2061    i.GPIO_SetBits      stm32f10x_gpio.o
    0x08000d96   0x08000d96   0x0000000a   Code   RO         2064    i.GPIO_WriteBit     stm32f10x_gpio.o
    0x08000da0   0x08000da0   0x00000070   Code   RO          902    i.NVIC_Init         misc.o
    0x08000e10   0x08000e10   0x0000000c   Code   RO         2407    i.PWR_BackupAccessCmd  stm32f10x_pwr.o
    0x08000e1c   0x08000e1c   0x00000020   Code   RO         2468    i.RCC_AHBPeriphClockCmd  stm32f10x_rcc.o
    0x08000e3c   0x08000e3c   0x00000020   Code   RO         2469    i.RCC_APB1PeriphClockCmd  stm32f10x_rcc.o
    0x08000e5c   0x08000e5c   0x00000020   Code   RO         2471    i.RCC_APB2PeriphClockCmd  stm32f10x_rcc.o
    0x08000e7c   0x08000e7c   0x0000000c   Code   RO         2474    i.RCC_BackupResetCmd  stm32f10x_rcc.o
    0x08000e88   0x08000e88   0x000000d4   Code   RO         2479    i.RCC_GetClocksFreq  stm32f10x_rcc.o
    0x08000f5c   0x08000f5c   0x0000003c   Code   RO         2480    i.RCC_GetFlagStatus  stm32f10x_rcc.o
    0x08000f98   0x08000f98   0x00000034   Code   RO         2487    i.RCC_LSEConfig     stm32f10x_rcc.o
    0x08000fcc   0x08000fcc   0x0000000c   Code   RO         2494    i.RCC_RTCCLKCmd     stm32f10x_rcc.o
    0x08000fd8   0x08000fd8   0x00000010   Code   RO         2495    i.RCC_RTCCLKConfig  stm32f10x_rcc.o
    0x08000fe8   0x08000fe8   0x00000014   Code   RO         2669    i.RTC_EnterConfigMode  stm32f10x_rtc.o
    0x08000ffc   0x08000ffc   0x00000014   Code   RO         2670    i.RTC_ExitConfigMode  stm32f10x_rtc.o
    0x08001010   0x08001010   0x0000002c   Code   RO         2671    i.RTC_GetCounter    stm32f10x_rtc.o
    0x0800103c   0x0800103c   0x0000001c   Code   RO         2677    i.RTC_SetCounter    stm32f10x_rtc.o
    0x08001058   0x08001058   0x00000020   Code   RO         2678    i.RTC_SetPrescaler  stm32f10x_rtc.o
    0x08001078   0x08001078   0x00000014   Code   RO         2679    i.RTC_WaitForLastTask  stm32f10x_rtc.o
    0x0800108c   0x0800108c   0x00000024   Code   RO         2680    i.RTC_WaitForSynchro  stm32f10x_rtc.o
    0x080010b0   0x080010b0   0x00000018   Code   RO         2948    i.SPI_Cmd           stm32f10x_spi.o
    0x080010c8   0x080010c8   0x00000012   Code   RO         2954    i.SPI_I2S_DMACmd    stm32f10x_spi.o
    0x080010da   0x080010da   0x00000012   Code   RO         2956    i.SPI_I2S_GetFlagStatus  stm32f10x_spi.o
    0x080010ec   0x080010ec   0x00000004   Code   RO         2960    i.SPI_I2S_SendData  stm32f10x_spi.o
    0x080010f0   0x080010f0   0x0000003c   Code   RO         2961    i.SPI_Init          stm32f10x_spi.o
    0x0800112c   0x0800112c   0x00000008   Code   RO          868    i.SetSysClock       system_stm32f10x.o
    0x08001134   0x08001134   0x000000e0   Code   RO          869    i.SetSysClockTo72   system_stm32f10x.o
    0x08001214   0x08001214   0x00000060   Code   RO          871    i.SystemInit        system_stm32f10x.o
    0x08001274   0x08001274   0x00000028   Code   RO          399    i.TIM2_IRQHandler   timer.o
    0x0800129c   0x0800129c   0x00000006   Code   RO         3098    i.TIM_ClearITPendingBit  stm32f10x_tim.o
    0x080012a2   0x080012a2   0x00000018   Code   RO         3103    i.TIM_Cmd           stm32f10x_tim.o
    0x080012ba   0x080012ba   0x00000022   Code   RO         3124    i.TIM_GetITStatus   stm32f10x_tim.o
    0x080012dc   0x080012dc   0x00000012   Code   RO         3128    i.TIM_ITConfig      stm32f10x_tim.o
    0x080012ee   0x080012ee   0x00000002   PAD
    0x080012f0   0x080012f0   0x000000a4   Code   RO         3174    i.TIM_TimeBaseInit  stm32f10x_tim.o
    0x08001394   0x08001394   0x00000034   Code   RO          526    i.USART2_IRQHandler  esp_usart.o
    0x080013c8   0x080013c8   0x00000018   Code   RO         3639    i.USART_Cmd         stm32f10x_usart.o
    0x080013e0   0x080013e0   0x0000001a   Code   RO         3642    i.USART_GetFlagStatus  stm32f10x_usart.o
    0x080013fa   0x080013fa   0x00000054   Code   RO         3643    i.USART_GetITStatus  stm32f10x_usart.o
    0x0800144e   0x0800144e   0x0000004a   Code   RO         3645    i.USART_ITConfig    stm32f10x_usart.o
    0x08001498   0x08001498   0x000000d8   Code   RO         3646    i.USART_Init        stm32f10x_usart.o
    0x08001570   0x08001570   0x0000000a   Code   RO         3653    i.USART_ReceiveData  stm32f10x_usart.o
    0x0800157a   0x0800157a   0x00000008   Code   RO         3656    i.USART_SendData    stm32f10x_usart.o
    0x08001582   0x08001582   0x00000002   PAD
    0x08001584   0x08001584   0x00000030   Code   RO         4120    i.__0snprintf       mc_w.l(printfa.o)
    0x080015b4   0x080015b4   0x00000008   Code   RO         4178    i.__aeabi_errno_addr  mc_w.l(errno.o)
    0x080015bc   0x080015bc   0x0000000e   Code   RO         4246    i.__scatterload_copy  mc_w.l(handlers.o)
    0x080015ca   0x080015ca   0x00000002   Code   RO         4247    i.__scatterload_null  mc_w.l(handlers.o)
    0x080015cc   0x080015cc   0x0000000e   Code   RO         4248    i.__scatterload_zeroinit  mc_w.l(handlers.o)
    0x080015da   0x080015da   0x00000002   PAD
    0x080015dc   0x080015dc   0x00000184   Code   RO         4126    i._fp_digits        mc_w.l(printfa.o)
    0x08001760   0x08001760   0x000006dc   Code   RO         4127    i._printf_core      mc_w.l(printfa.o)
    0x08001e3c   0x08001e3c   0x00000024   Code   RO         4128    i._printf_post_padding  mc_w.l(printfa.o)
    0x08001e60   0x08001e60   0x0000002e   Code   RO         4129    i._printf_pre_padding  mc_w.l(printfa.o)
    0x08001e8e   0x08001e8e   0x00000016   Code   RO         4130    i._snputc           mc_w.l(printfa.o)
    0x08001ea4   0x08001ea4   0x00000078   Code   RO          156    i.board_lowlevel_init  board.o
    0x08001f1c   0x08001f1c   0x00000018   Code   RO          168    i.delay_ms          delay.o
    0x08001f34   0x08001f34   0x00000040   Code   RO          169    i.delay_us          delay.o
    0x08001f74   0x08001f74   0x00000048   Code   RO          437    i.esp_at_get_http   esp_at.o
    0x08001fbc   0x08001fbc   0x00000054   Code   RO          438    i.esp_at_get_time   esp_at.o
    0x08002010   0x08002010   0x00000020   Code   RO          439    i.esp_at_init       esp_at.o
    0x08002030   0x08002030   0x00000070   Code   RO          440    i.esp_at_reset      esp_at.o
    0x080020a0   0x080020a0   0x00000078   Code   RO          441    i.esp_at_send_command  esp_at.o
    0x08002118   0x08002118   0x00000074   Code   RO          443    i.esp_at_sntp_init  esp_at.o
    0x0800218c   0x0800218c   0x00000044   Code   RO          444    i.esp_at_wifi_connect  esp_at.o
    0x080021d0   0x080021d0   0x00000028   Code   RO          447    i.esp_at_wifi_init  esp_at.o
    0x080021f8   0x080021f8   0x0000009c   Code   RO          527    i.esp_usart_init    esp_usart.o
    0x08002294   0x08002294   0x0000000c   Code   RO          528    i.esp_usart_receive_register  esp_usart.o
    0x080022a0   0x080022a0   0x00000030   Code   RO          529    i.esp_usart_write_data  esp_usart.o
    0x080022d0   0x080022d0   0x00000016   Code   RO          530    i.esp_usart_write_string  esp_usart.o
    0x080022e6   0x080022e6   0x0000000a   Code   RO          796    i.i2c_delay         swi2c.o
    0x080022f0   0x080022f0   0x0000003c   Code   RO          797    i.i2c_io_init       swi2c.o
    0x0800232c   0x0800232c   0x00000084   Code   RO          798    i.i2c_read_byte     swi2c.o
    0x080023b0   0x080023b0   0x00000030   Code   RO          799    i.i2c_start         swi2c.o
    0x080023e0   0x080023e0   0x0000002c   Code   RO          800    i.i2c_stop          swi2c.o
    0x0800240c   0x0800240c   0x00000088   Code   RO          801    i.i2c_write_byte    swi2c.o
    0x08002494   0x08002494   0x00000050   Code   RO          565    i.lcd_spi_gpio_init  lcd_spi.o
    0x080024e4   0x080024e4   0x00000010   Code   RO          566    i.lcd_spi_init      lcd_spi.o
    0x080024f4   0x080024f4   0x0000005c   Code   RO          567    i.lcd_spi_lowlevel_init  lcd_spi.o
    0x08002550   0x08002550   0x00000022   Code   RO          568    i.lcd_spi_nvic_init  lcd_spi.o
    0x08002572   0x08002572   0x00000002   PAD
    0x08002574   0x08002574   0x0000000c   Code   RO          569    i.lcd_spi_send_finish_register  lcd_spi.o
    0x08002580   0x08002580   0x0000003c   Code   RO          570    i.lcd_spi_write     lcd_spi.o
    0x080025bc   0x080025bc   0x0000005c   Code   RO          571    i.lcd_spi_write_async  lcd_spi.o
    0x08002618   0x08002618   0x0000002c   Code   RO          307    i.led_init          led.o
    0x08002644   0x08002644   0x00000378   Code   RO            1    i.main              main.o
    0x080029bc   0x080029bc   0x00000068   Code   RO          759    i.mpu6050_init      mpu6050.o
    0x08002a24   0x08002a24   0x0000003c   Code   RO          762    i.mpu6050_read_temper  mpu6050.o
    0x08002a60   0x08002a60   0x000000e0   Code   RO          448    i.on_usart_received  esp_at.o
    0x08002b40   0x08002b40   0x00000016   Code   RO          347    i.rtc_get_date      rtc.o
    0x08002b56   0x08002b56   0x00000026   Code   RO          349    i.rtc_init          rtc.o
    0x08002b7c   0x08002b7c   0x00000014   Code   RO          351    i.rtc_set_timestamp  rtc.o
    0x08002b90   0x08002b90   0x0000000c   Code   RO          620    i.spi_on_async_finish  st7735.o
    0x08002b9c   0x08002b9c   0x00000014   Code   RO          622    i.st7735_bl_on      st7735.o
    0x08002bb0   0x08002bb0   0x00000068   Code   RO          623    i.st7735_draw_image  st7735.o
    0x08002c18   0x08002c18   0x00000040   Code   RO          625    i.st7735_exec_cmds  st7735.o
    0x08002c58   0x08002c58   0x000000cc   Code   RO          626    i.st7735_fill_rect  st7735.o
    0x08002d24   0x08002d24   0x00000014   Code   RO          627    i.st7735_fill_screen  st7735.o
    0x08002d38   0x08002d38   0x00000038   Code   RO          628    i.st7735_find_font  st7735.o
    0x08002d70   0x08002d70   0x00000030   Code   RO          629    i.st7735_init       st7735.o
    0x08002da0   0x08002da0   0x0000007c   Code   RO          630    i.st7735_pin_init   st7735.o
    0x08002e1c   0x08002e1c   0x00000028   Code   RO          631    i.st7735_reset      st7735.o
    0x08002e44   0x08002e44   0x00000014   Code   RO          632    i.st7735_select     st7735.o
    0x08002e58   0x08002e58   0x00000052   Code   RO          633    i.st7735_set_window  st7735.o
    0x08002eaa   0x08002eaa   0x00000002   PAD
    0x08002eac   0x08002eac   0x00000014   Code   RO          634    i.st7735_unselect   st7735.o
    0x08002ec0   0x08002ec0   0x000000b8   Code   RO          635    i.st7735_write_char  st7735.o
    0x08002f78   0x08002f78   0x0000001c   Code   RO          636    i.st7735_write_cmd  st7735.o
    0x08002f94   0x08002f94   0x00000034   Code   RO          637    i.st7735_write_data  st7735.o
    0x08002fc8   0x08002fc8   0x0000005c   Code   RO          640    i.st7735_write_string  st7735.o
    0x08003024   0x08003024   0x00000008   Code   RO          802    i.swi2c_init        swi2c.o
    0x0800302c   0x0800302c   0x00000064   Code   RO          803    i.swi2c_read        swi2c.o
    0x08003090   0x08003090   0x00000044   Code   RO          804    i.swi2c_write       swi2c.o
    0x080030d4   0x080030d4   0x00000024   Code   RO            2    i.timer_elapsed_callback  main.o
    0x080030f8   0x080030f8   0x0000000c   Code   RO          400    i.timer_elapsed_register  timer.o
    0x08003104   0x08003104   0x00000050   Code   RO          401    i.timer_init        timer.o
    0x08003154   0x08003154   0x0000000c   Code   RO          402    i.timer_start       timer.o
    0x08003160   0x08003160   0x000000e8   Code   RO          352    i.ts_to_date        rtc.o
    0x08003248   0x08003248   0x000000a0   Code   RO          186    i.weather_parse     weather.o
    0x080032e8   0x080032e8   0x000001d0   Code   RO            3    i.wifi_init         main.o
    0x080034b8   0x080034b8   0x0000030c   Data   RO          201    .constdata          font_temper_32.o
    0x080037c4   0x080037c4   0x000006cc   Data   RO          215    .constdata          font_time_48.o
    0x08003e90   0x08003e90   0x00001208   Data   RO          229    .constdata          icon_weather_duoyun.o
    0x08005098   0x08005098   0x00001208   Data   RO          242    .constdata          icon_weather_feng.o
    0x080062a0   0x080062a0   0x00001208   Data   RO          255    .constdata          icon_weather_qing.o
    0x080074a8   0x080074a8   0x00001208   Data   RO          268    .constdata          icon_weather_xue.o
    0x080086b0   0x080086b0   0x00001208   Data   RO          281    .constdata          icon_weather_yin.o
    0x080098b8   0x080098b8   0x00001208   Data   RO          294    .constdata          icon_weather_yu.o
    0x0800aac0   0x0800aac0   0x00000030   Data   RO          353    .constdata          rtc.o
    0x0800aaf0   0x0800aaf0   0x0000006d   Data   RO          642    .constdata          st7735.o
    0x0800ab5d   0x0800ab5d   0x0000064f   Data   RO          745    .constdata          stfonts.o
    0x0800b1ac   0x0800b1ac   0x00000081   Data   RO         4210    .constdata          mc_w.l(ctype_o.o)
    0x0800b22d   0x0800b22d   0x00000003   PAD
    0x0800b230   0x0800b230   0x00000004   Data   RO         4211    .constdata          mc_w.l(ctype_o.o)
    0x0800b234   0x0800b234   0x0000007a   Data   RO            4    .conststring        main.o
    0x0800b2ae   0x0800b2ae   0x00000002   PAD
    0x0800b2b0   0x0800b2b0   0x00000020   Data   RO         4244    Region$$Table       anon$$obj.o


    Execution Region RW_IRAM1 (Exec base: 0x20000000, Load base: 0x0800b2d0, Size: 0x00002480, Max: 0x00005000, ABSOLUTE)

    Exec Addr    Load Addr    Size         Type   Attr      Idx    E Section Name        Object

    0x20000000   0x0800b2d0   0x00000014   Data   RW            5    .data               main.o
    0x20000014   0x0800b2e4   0x0000000c   Data   RW          202    .data               font_temper_32.o
    0x20000020   0x0800b2f0   0x0000000c   Data   RW          216    .data               font_time_48.o
    0x2000002c   0x0800b2fc   0x00000004   Data   RW          404    .data               timer.o
    0x20000030   0x0800b300   0x00000006   Data   RW          450    .data               esp_at.o
    0x20000036   0x0800b306   0x00000002   PAD
    0x20000038   0x0800b308   0x00000004   Data   RW          531    .data               esp_usart.o
    0x2000003c   0x0800b30c   0x00000004   Data   RW          572    .data               lcd_spi.o
    0x20000040   0x0800b310   0x00000001   Data   RW          643    .data               st7735.o
    0x20000041   0x0800b311   0x00000003   PAD
    0x20000044   0x0800b314   0x0000000c   Data   RW          746    .data               stfonts.o
    0x20000050   0x0800b320   0x00000014   Data   RW          872    .data               system_stm32f10x.o
    0x20000064   0x0800b334   0x00000014   Data   RW         2499    .data               stm32f10x_rcc.o
    0x20000078   0x0800b348   0x00000004   Data   RW         4181    .data               mc_w.l(errno.o)
    0x2000007c        -       0x00001000   Zero   RW          449    .bss                esp_at.o
    0x2000107c        -       0x00001000   Zero   RW          641    .bss                st7735.o
    0x2000207c   0x0800b34c   0x00000004   PAD
    0x20002080        -       0x00000400   Zero   RW          850    STACK               startup_stm32f10x_md.o


==============================================================================

Image component sizes


      Code (inc. data)   RO Data    RW Data    ZI Data      Debug   Object Name

       120          0          0          0          0        566   board.o
        88         10          0          0          0       1050   delay.o
       868        246          0          6       4096       7627   esp_at.o
       290         30          0          4          0       4018   esp_usart.o
         0          0        780         12          0       1362   font_temper_32.o
         0          0       1740         12          0       1354   font_time_48.o
         0          0       4616          0          0       1498   icon_weather_duoyun.o
         0          0       4616          0          0       1490   icon_weather_feng.o
         0          0       4616          0          0       1490   icon_weather_qing.o
         0          0       4616          0          0       1486   icon_weather_xue.o
         0          0       4616          0          0       1486   icon_weather_yin.o
         0          0       4616          0          0       1482   icon_weather_yu.o
       446         40          0          4          0       5971   lcd_spi.o
        44          4          0          0          0        527   led.o
      1388        306        122         20          0     276247   main.o
       112         12          0          0          0       1136   misc.o
       164          8          0          0          0       1281   mpu6050.o
       312          4         48          0          0       3143   rtc.o
      1170         68        109          1       4096      13214   st7735.o
        36          8        236          0       1024        904   startup_stm32f10x_md.o
         0          0       1615         12          0       1370   stfonts.o
        16          0          0          0          0        541   stm32f10x_bkp.o
       506         26          0          0          0       5547   stm32f10x_dma.o
       314          0          0          0          0       4588   stm32f10x_gpio.o
        12          6          0          0          0        570   stm32f10x_pwr.o
       460         64          0         20          0       8362   stm32f10x_rcc.o
       200         36          0          0          0       4075   stm32f10x_rtc.o
       124          0          0          0          0       4229   stm32f10x_spi.o
       246         42          0          0          0       3898   stm32f10x_tim.o
       442          6          0          0          0       6629   stm32f10x_usart.o
       606         22          0          0          0       6452   swi2c.o
       328         28          0         20          0       2617   system_stm32f10x.o
       144         12          0          4          0       2466   timer.o
       160         28          0          0          0       1716   weather.o

    ----------------------------------------------------------------------
      8604       1006      32380        120       9220     380392   Object Totals
         0          0         32          0          0          0   (incl. Generated)
         8          0          2          5          4          0   (incl. Padding)

    ----------------------------------------------------------------------

      Code (inc. data)   RO Data    RW Data    ZI Data      Debug   Library Member Name

        28          0          0          0          0         68   _chval.o
       158          0          0          0          0         92   _strtoul.o
        26          0          0          0          0         80   atoi.o
         8          4        133          0          0         68   ctype_o.o
         0          0          0          0          0          0   entry.o
         0          0          0          0          0          0   entry10a.o
         0          0          0          0          0          0   entry11a.o
         8          4          0          0          0          0   entry2.o
         4          0          0          0          0          0   entry5.o
         0          0          0          0          0          0   entry7b.o
         0          0          0          0          0          0   entry8b.o
         8          4          0          0          0          0   entry9a.o
         8          4          0          4          0         68   errno.o
        30          0          0          0          0          0   handlers.o
        36          8          0          0          0         68   init.o
         0          0          0          0          0          0   iusefp.o
        30          0          0          0          0         68   llshl.o
        36          0          0          0          0         68   llsshr.o
        32          0          0          0          0         68   llushr.o
        36          0          0          0          0         68   memcpya.o
      2296         84          0          0          0        520   printfa.o
        20          0          0          0          0         68   strchr.o
        28          0          0          0          0         76   strcmp.o
        14          0          0          0          0         68   strlen.o
        24          0          0          0          0         76   strncpy.o
        36          0          0          0          0         80   strstr.o
       112          0          0          0          0         88   strtol.o
        44          0          0          0          0         80   uidiv.o
        98          0          0          0          0         92   uldiv.o
        48          0          0          0          0         68   cdrcmple.o
       334          0          0          0          0        148   dadd.o
       222          0          0          0          0        100   ddiv.o
       186          0          0          0          0        176   depilogue.o
        48          0          0          0          0         68   dfixul.o
       228          0          0          0          0         96   dmul.o
        38          0          0          0          0         68   f2d.o
       176          0          0          0          0        140   fadd.o
       124          0          0          0          0         88   fdiv.o
       110          0          0          0          0        168   fepilogue.o
        18          0          0          0          0         68   fflti.o

    ----------------------------------------------------------------------
      4656        108        136          4          0       3052   Library Totals
         4          0          3          0          0          0   (incl. Padding)

    ----------------------------------------------------------------------

      Code (inc. data)   RO Data    RW Data    ZI Data      Debug   Library Name

      3120        108        133          4          0       1864   mc_w.l
      1532          0          0          0          0       1188   mf_w.l

    ----------------------------------------------------------------------
      4656        108        136          4          0       3052   Library Totals

    ----------------------------------------------------------------------

==============================================================================


      Code (inc. data)   RO Data    RW Data    ZI Data      Debug   

     13260       1114      32516        124       9220     376108   Grand Totals
     13260       1114      32516        124       9220     376108   ELF Image Totals
     13260       1114      32516        124          0          0   ROM Totals

==============================================================================

    Total RO  Size (Code + RO Data)                45776 (  44.70kB)
    Total RW  Size (RW Data + ZI Data)              9344 (   9.13kB)
    Total ROM Size (Code + RO Data + RW Data)      45900 (  44.82kB)

==============================================================================

